Component: ARM Compiler 5.06 update 7 (build 960) Tool: armlink [4d3601]

==============================================================================

Section Cross References

    startup_stm32f10x_md.o(RESET) refers to startup_stm32f10x_md.o(STACK) for __initial_sp
    startup_stm32f10x_md.o(RESET) refers to startup_stm32f10x_md.o(.text) for Reset_Handler
    startup_stm32f10x_md.o(RESET) refers to stm32f10x_it.o(i.NMI_Handler) for NMI_Handler
    startup_stm32f10x_md.o(RESET) refers to stm32f10x_it.o(i.HardFault_Handler) for HardFault_Handler
    startup_stm32f10x_md.o(RESET) refers to stm32f10x_it.o(i.MemManage_Handler) for MemManage_Handler
    startup_stm32f10x_md.o(RESET) refers to stm32f10x_it.o(i.BusFault_Handler) for BusFault_Handler
    startup_stm32f10x_md.o(RESET) refers to stm32f10x_it.o(i.UsageFault_Handler) for UsageFault_Handler
    startup_stm32f10x_md.o(RESET) refers to stm32f10x_it.o(i.SVC_Handler) for SVC_Handler
    startup_stm32f10x_md.o(RESET) refers to stm32f10x_it.o(i.DebugMon_Handler) for DebugMon_Handler
    startup_stm32f10x_md.o(RESET) refers to stm32f10x_it.o(i.PendSV_Handler) for PendSV_Handler
    startup_stm32f10x_md.o(RESET) refers to stm32f10x_it.o(i.SysTick_Handler) for SysTick_Handler
    startup_stm32f10x_md.o(RESET) refers to key.o(i.EXTI9_5_IRQHandler) for EXTI9_5_IRQHandler
    startup_stm32f10x_md.o(RESET) refers to main.o(i.TIM1_UP_IRQHandler) for TIM1_UP_IRQHandler
    startup_stm32f10x_md.o(RESET) refers to key.o(i.TIM2_IRQHandler) for TIM2_IRQHandler
    startup_stm32f10x_md.o(RESET) refers to function.o(i.TIM3_IRQHandler) for TIM3_IRQHandler
    startup_stm32f10x_md.o(RESET) refers to function.o(i.TIM4_IRQHandler) for TIM4_IRQHandler
    startup_stm32f10x_md.o(RESET) refers to serial.o(i.USART3_IRQHandler) for USART3_IRQHandler
    startup_stm32f10x_md.o(RESET) refers to key.o(i.EXTI15_10_IRQHandler) for EXTI15_10_IRQHandler
    startup_stm32f10x_md.o(.text) refers to system_stm32f10x.o(i.SystemInit) for SystemInit
    startup_stm32f10x_md.o(.text) refers to entry.o(.ARM.Collect$$$$00000000) for __main
    system_stm32f10x.o(i.SetSysClock) refers to system_stm32f10x.o(i.SetSysClockTo72) for SetSysClockTo72
    system_stm32f10x.o(i.SystemCoreClockUpdate) refers to system_stm32f10x.o(.data) for SystemCoreClock
    system_stm32f10x.o(i.SystemInit) refers to system_stm32f10x.o(i.SetSysClock) for SetSysClock
    stm32f10x_adc.o(i.ADC_DeInit) refers to stm32f10x_rcc.o(i.RCC_APB2PeriphResetCmd) for RCC_APB2PeriphResetCmd
    stm32f10x_bkp.o(i.BKP_DeInit) refers to stm32f10x_rcc.o(i.RCC_BackupResetCmd) for RCC_BackupResetCmd
    stm32f10x_can.o(i.CAN_DeInit) refers to stm32f10x_rcc.o(i.RCC_APB1PeriphResetCmd) for RCC_APB1PeriphResetCmd
    stm32f10x_can.o(i.CAN_GetITStatus) refers to stm32f10x_can.o(i.CheckITStatus) for CheckITStatus
    stm32f10x_cec.o(i.CEC_DeInit) refers to stm32f10x_rcc.o(i.RCC_APB1PeriphResetCmd) for RCC_APB1PeriphResetCmd
    stm32f10x_dac.o(i.DAC_DeInit) refers to stm32f10x_rcc.o(i.RCC_APB1PeriphResetCmd) for RCC_APB1PeriphResetCmd
    stm32f10x_flash.o(i.FLASH_EnableWriteProtection) refers to stm32f10x_flash.o(i.FLASH_WaitForLastOperation) for FLASH_WaitForLastOperation
    stm32f10x_flash.o(i.FLASH_EraseAllBank1Pages) refers to stm32f10x_flash.o(i.FLASH_WaitForLastBank1Operation) for FLASH_WaitForLastBank1Operation
    stm32f10x_flash.o(i.FLASH_EraseAllPages) refers to stm32f10x_flash.o(i.FLASH_WaitForLastOperation) for FLASH_WaitForLastOperation
    stm32f10x_flash.o(i.FLASH_EraseOptionBytes) refers to stm32f10x_flash.o(i.FLASH_GetReadOutProtectionStatus) for FLASH_GetReadOutProtectionStatus
    stm32f10x_flash.o(i.FLASH_EraseOptionBytes) refers to stm32f10x_flash.o(i.FLASH_WaitForLastOperation) for FLASH_WaitForLastOperation
    stm32f10x_flash.o(i.FLASH_ErasePage) refers to stm32f10x_flash.o(i.FLASH_WaitForLastOperation) for FLASH_WaitForLastOperation
    stm32f10x_flash.o(i.FLASH_ProgramHalfWord) refers to stm32f10x_flash.o(i.FLASH_WaitForLastOperation) for FLASH_WaitForLastOperation
    stm32f10x_flash.o(i.FLASH_ProgramOptionByteData) refers to stm32f10x_flash.o(i.FLASH_WaitForLastOperation) for FLASH_WaitForLastOperation
    stm32f10x_flash.o(i.FLASH_ProgramWord) refers to stm32f10x_flash.o(i.FLASH_WaitForLastOperation) for FLASH_WaitForLastOperation
    stm32f10x_flash.o(i.FLASH_ReadOutProtection) refers to stm32f10x_flash.o(i.FLASH_WaitForLastOperation) for FLASH_WaitForLastOperation
    stm32f10x_flash.o(i.FLASH_UserOptionByteConfig) refers to stm32f10x_flash.o(i.FLASH_WaitForLastOperation) for FLASH_WaitForLastOperation
    stm32f10x_flash.o(i.FLASH_WaitForLastBank1Operation) refers to stm32f10x_flash.o(i.FLASH_GetBank1Status) for FLASH_GetBank1Status
    stm32f10x_flash.o(i.FLASH_WaitForLastOperation) refers to stm32f10x_flash.o(i.FLASH_GetBank1Status) for FLASH_GetBank1Status
    stm32f10x_gpio.o(i.GPIO_AFIODeInit) refers to stm32f10x_rcc.o(i.RCC_APB2PeriphResetCmd) for RCC_APB2PeriphResetCmd
[...]
    ../clib/microlib/string/strcmp.c         0x00000000   Number         0  strcmp.o ABSOLUTE
    ../clib/microlib/stubs.s                 0x00000000   Number         0  iusefp.o ABSOLUTE
    ../fplib/microlib/d2f.c                  0x00000000   Number         0  d2f.o ABSOLUTE
    ../fplib/microlib/f2d.c                  0x00000000   Number         0  f2d.o ABSOLUTE
    ../fplib/microlib/fpadd.c                0x00000000   Number         0  dadd.o ABSOLUTE
    ../fplib/microlib/fpadd.c                0x00000000   Number         0  fadd.o ABSOLUTE
    ../fplib/microlib/fpdiv.c                0x00000000   Number         0  ddiv.o ABSOLUTE
    ../fplib/microlib/fpepilogue.c           0x00000000   Number         0  fepilogue.o ABSOLUTE
    ../fplib/microlib/fpepilogue.c           0x00000000   Number         0  depilogue.o ABSOLUTE
    ../fplib/microlib/fpfix.c                0x00000000   Number         0  dfixui.o ABSOLUTE
    ../fplib/microlib/fpfix.c                0x00000000   Number         0  ffixui.o ABSOLUTE
    ../fplib/microlib/fpfix.c                0x00000000   Number         0  dfixi.o ABSOLUTE
    ../fplib/microlib/fpfix.c                0x00000000   Number         0  dfixul.o ABSOLUTE
    ../fplib/microlib/fpflt.c                0x00000000   Number         0  dflti.o ABSOLUTE
    ../fplib/microlib/fpflt.c                0x00000000   Number         0  dfltui.o ABSOLUTE
    ../fplib/microlib/fpflt.c                0x00000000   Number         0  ffltui.o ABSOLUTE
    ../fplib/microlib/fpflt.c                0x00000000   Number         0  fflti.o ABSOLUTE
    ../fplib/microlib/fpmul.c                0x00000000   Number         0  dmul.o ABSOLUTE
    ../fplib/microlib/fpmul.c                0x00000000   Number         0  fmul.o ABSOLUTE
    ../fplib/microlib/fprnd.c                0x00000000   Number         0  drnd.o ABSOLUTE
    ../fplib/microlib/fpscalb.c              0x00000000   Number         0  dscalb.o ABSOLUTE
    ../mathlib/atan.c                        0x00000000   Number         0  atan_x.o ABSOLUTE
    ../mathlib/atan.c                        0x00000000   Number         0  atan.o ABSOLUTE
    ../mathlib/atan2.c                       0x00000000   Number         0  atan2_x.o ABSOLUTE
    ../mathlib/atan2.c                       0x00000000   Number         0  atan2.o ABSOLUTE
    ../mathlib/cos.c                         0x00000000   Number         0  cos_x.o ABSOLUTE
    ../mathlib/cos.c                         0x00000000   Number         0  cos.o ABSOLUTE
    ../mathlib/cos_i.c                       0x00000000   Number         0  cos_i.o ABSOLUTE
    ../mathlib/dunder.c                      0x00000000   Number         0  dunder.o ABSOLUTE
    ../mathlib/fpclassify.c                  0x00000000   Number         0  fpclassify.o ABSOLUTE
    ../mathlib/poly.c                        0x00000000   Number         0  poly.o ABSOLUTE
    ../mathlib/qnan.c                        0x00000000   Number         0  qnan.o ABSOLUTE
    ../mathlib/round.c                       0x00000000   Number         0  round.o ABSOLUTE
    ../mathlib/rred.c                        0x00000000   Number         0  rred.o ABSOLUTE
    ../mathlib/sin.c                         0x00000000   Number         0  sin_x.o ABSOLUTE
    ../mathlib/sin.c                         0x00000000   Number         0  sin.o ABSOLUTE
    ../mathlib/sin_i.c                       0x00000000   Number         0  sin_i.o ABSOLUTE
    ../mathlib/sin_i.c                       0x00000000   Number         0  sin_i_x.o ABSOLUTE
    Hardware\Beep.c                          0x00000000   Number         0  beep.o ABSOLUTE
    Hardware\DAC53401.c                      0x00000000   Number         0  dac53401.o ABSOLUTE
    Hardware\Function.c                      0x00000000   Number         0  function.o ABSOLUTE
    Hardware\Key.c                           0x00000000   Number         0  key.o ABSOLUTE
    Hardware\MyI2C.c                         0x00000000   Number         0  myi2c.o ABSOLUTE
    Hardware\MySPI.c                         0x00000000   Number         0  myspi.o ABSOLUTE
    Hardware\OLED.c                          0x00000000   Number         0  oled.o ABSOLUTE
    Hardware\OLED_Data_ASCII.c               0x00000000   Number         0  oled_data_ascii.o ABSOLUTE
    Hardware\OLED_Data_Hanzi.c               0x00000000   Number         0  oled_data_hanzi.o ABSOLUTE
    Hardware\OLED_Data_Image.c               0x00000000   Number         0  oled_data_image.o ABSOLUTE
    Hardware\OLED_Patch_byAdam.c             0x00000000   Number         0  oled_patch_byadam.o ABSOLUTE
    Hardware\Power_probe.c                   0x00000000   Number         0  power_probe.o ABSOLUTE
    Hardware\RTC.c                           0x00000000   Number         0  rtc.o ABSOLUTE
    Hardware\Serial.c                        0x00000000   Number         0  serial.o ABSOLUTE
    Hardware\TPL0501.c                       0x00000000   Number         0  tpl0501.o ABSOLUTE
    Hardware\Timer.c                         0x00000000   Number         0  timer.o ABSOLUTE
    Library\misc.c                           0x00000000   Number         0  misc.o ABSOLUTE
    Library\stm32f10x_adc.c                  0x00000000   Number         0  stm32f10x_adc.o ABSOLUTE
    Library\stm32f10x_bkp.c                  0x00000000   Number         0  stm32f10x_bkp.o ABSOLUTE
    Library\stm32f10x_can.c                  0x00000000   Number         0  stm32f10x_can.o ABSOLUTE
    Library\stm32f10x_cec.c                  0x00000000   Number         0  stm32f10x_cec.o ABSOLUTE
    Library\stm32f10x_crc.c                  0x00000000   Number         0  stm32f10x_crc.o ABSOLUTE
    Library\stm32f10x_dac.c                  0x00000000   Number         0  stm32f10x_dac.o ABSOLUTE
    Library\stm32f10x_dbgmcu.c               0x00000000   Number         0  stm32f10x_dbgmcu.o ABSOLUTE
    Library\stm32f10x_dma.c                  0x00000000   Number         0  stm32f10x_dma.o ABSOLUTE
    Library\stm32f10x_exti.c                 0x00000000   Number         0  stm32f10x_exti.o ABSOLUTE
    Library\stm32f10x_flash.c                0x00000000   Number         0  stm32f10x_flash.o ABSOLUTE
    Library\stm32f10x_fsmc.c                 0x00000000   Number         0  stm32f10x_fsmc.o ABSOLUTE
    Library\stm32f10x_gpio.c                 0x00000000   Number         0  stm32f10x_gpio.o ABSOLUTE
    Library\stm32f10x_i2c.c                  0x00000000   Number         0  stm32f10x_i2c.o ABSOLUTE
    Library\stm32f10x_iwdg.c                 0x00000000   Number         0  stm32f10x_iwdg.o ABSOLUTE
    Library\stm32f10x_pwr.c                  0x00000000   Number         0  stm32f10x_pwr.o ABSOLUTE
    Library\stm32f10x_rcc.c                  0x00000000   Number         0  stm32f10x_rcc.o ABSOLUTE
    Library\stm32f10x_rtc.c                  0x00000000   Number         0  stm32f10x_rtc.o ABSOLUTE
    Library\stm32f10x_sdio.c                 0x00000000   Number         0  stm32f10x_sdio.o ABSOLUTE
    Library\stm32f10x_spi.c                  0x00000000   Number         0  stm32f10x_spi.o ABSOLUTE
    Library\stm32f10x_tim.c                  0x00000000   Number         0  stm32f10x_tim.o ABSOLUTE
    Library\stm32f10x_usart.c                0x00000000   Number         0  stm32f10x_usart.o ABSOLUTE
    Library\stm32f10x_wwdg.c                 0x00000000   Number         0  stm32f10x_wwdg.o ABSOLUTE
    System\Delay.c                           0x00000000   Number         0  delay.o ABSOLUTE
    User\main.c                              0x00000000   Number         0  main.o ABSOLUTE
    User\stm32f10x_it.c                      0x00000000   Number         0  stm32f10x_it.o ABSOLUTE
    cdcmple.s                                0x00000000   Number         0  cdcmple.o ABSOLUTE
    cdrcmple.s                               0x00000000   Number         0  cdrcmple.o ABSOLUTE
    cfcmple.s                                0x00000000   Number         0  cfcmple.o ABSOLUTE
    dc.s                                     0x00000000   Number         0  dc.o ABSOLUTE
    handlers.s                               0x00000000   Number         0  handlers.o ABSOLUTE
    init.s                                   0x00000000   Number         0  init.o ABSOLUTE
    start\\core_cm3.c                        0x00000000   Number         0  core_cm3.o ABSOLUTE
    start\core_cm3.c                         0x00000000   Number         0  core_cm3.o ABSOLUTE
    start\startup_stm32f10x_md.s             0x00000000   Number         0  startup_stm32f10x_md.o ABSOLUTE
    start\system_stm32f10x.c                 0x00000000   Number         0  system_stm32f10x.o ABSOLUTE
    RESET                                    0x08000000   Section      236  startup_stm32f10x_md.o(RESET)
    .ARM.Collect$$$$00000000                 0x080000ec   Section        0  entry.o(.ARM.Collect$$$$00000000)
    .ARM.Collect$$$$00000001                 0x080000ec   Section        4  entry2.o(.ARM.Collect$$$$00000001)
    .ARM.Collect$$$$00000004                 0x080000f0   Section        4  entry5.o(.ARM.Collect$$$$00000004)
    .ARM.Collect$$$$00000008                 0x080000f4   Section        0  entry7b.o(.ARM.Collect$$$$00000008)
    .ARM.Collect$$$$0000000A                 0x080000f4   Section        0  entry8b.o(.ARM.Collect$$$$0000000A)
    .ARM.Collect$$$$0000000B                 0x080000f4   Section        8  entry9a.o(.ARM.Collect$$$$0000000B)
    .ARM.Collect$$$$0000000E                 0x080000fc   Section        4  entry12b.o(.ARM.Collect$$$$0000000E)
    .ARM.Collect$$$$0000000F                 0x08000100   Section        0  entry10a.o(.ARM.Collect$$$$0000000F)
    .ARM.Collect$$$$00000011                 0x08000100   Section        0  entry11a.o(.ARM.Collect$$$$00000011)
    .ARM.Collect$$$$00002712                 0x08000100   Section        4  entry2.o(.ARM.Collect$$$$00002712)
    __lit__00000000                          0x08000100   Data           4  entry2.o(.ARM.Collect$$$$00002712)
    .text                                    0x08000104   Section       36  startup_stm32f10x_md.o(.text)
    .text                                    0x08000128   Section        0  fmul.o(.text)
    .text                                    0x0800018c   Section        0  dadd.o(.text)
    .text                                    0x080002da   Section        0  dmul.o(.text)
    .text                                    0x080003be   Section        0  ddiv.o(.text)
    .text                                    0x0800049c   Section        0  dfltui.o(.text)
    .text                                    0x080004b6   Section        0  ffixui.o(.text)
    .text                                    0x080004de   Section        0  dfixui.o(.text)
    .text                                    0x08000510   Section        0  f2d.o(.text)
    .text                                    0x08000538   Section       48  cdrcmple.o(.text)
    .text                                    0x08000568   Section        0  d2f.o(.text)
    .text                                    0x080005a0   Section        0  uidiv.o(.text)
    .text                                    0x080005cc   Section        0  uldiv.o(.text)
    .text                                    0x0800062e   Section        0  llshl.o(.text)
    .text                                    0x0800064c   Section        0  llushr.o(.text)
    .text                                    0x0800066c   Section        0  llsshr.o(.text)
    .text                                    0x08000690   Section        0  iusefp.o(.text)
    .text                                    0x08000690   Section        0  fepilogue.o(.text)
    .text                                    0x080006fe   Section        0  depilogue.o(.text)
    .text                                    0x080007b8   Section        0  dfixul.o(.text)
    .text                                    0x080007e8   Section       36  init.o(.text)
    i.ADC_Cmd                                0x0800080c   Section        0  stm32f10x_adc.o(i.ADC_Cmd)
    i.ADC_GetCalibrationStatus               0x08000822   Section        0  stm32f10x_adc.o(i.ADC_GetCalibrationStatus)
    i.ADC_GetConversionValue                 0x08000836   Section        0  stm32f10x_adc.o(i.ADC_GetConversionValue)
    i.ADC_GetFlagStatus                      0x0800083e   Section        0  stm32f10x_adc.o(i.ADC_GetFlagStatus)
    i.ADC_GetResetCalibrationStatus          0x08000850   Section        0  stm32f10x_adc.o(i.ADC_GetResetCalibrationStatus)
    i.ADC_Init                               0x08000864   Section        0  stm32f10x_adc.o(i.ADC_Init)
    i.ADC_RegularChannelConfig               0x080008b4   Section        0  stm32f10x_adc.o(i.ADC_RegularChannelConfig)
    i.ADC_ResetCalibration                   0x0800096c   Section        0  stm32f10x_adc.o(i.ADC_ResetCalibration)
    i.ADC_SoftwareStartConvCmd               0x08000976   Section        0  stm32f10x_adc.o(i.ADC_SoftwareStartConvCmd)
    i.ADC_StartCalibration                   0x0800098c   Section        0  stm32f10x_adc.o(i.ADC_StartCalibration)
    i.AD_GetValue                            0x08000998   Section        0  power_probe.o(i.AD_GetValue)
    i.BKP_DeInit                             0x080009bc   Section        0  stm32f10x_bkp.o(i.BKP_DeInit)
    i.BKP_ReadBackupRegister                 0x080009cc   Section        0  stm32f10x_bkp.o(i.BKP_ReadBackupRegister)
    i.BKP_WriteBackupRegister                0x080009e8   Section        0  stm32f10x_bkp.o(i.BKP_WriteBackupRegister)
    i.Beep_Init                              0x08000a04   Section        0  beep.o(i.Beep_Init)
    i.Beep_ToneBlocking                      0x08000a38   Section        0  beep.o(i.Beep_ToneBlocking)
    i.BusFault_Handler                       0x08000a94   Section        0  stm32f10x_it.o(i.BusFault_Handler)
    i.DAC53401_Init                          0x08000a98   Section        0  dac53401.o(i.DAC53401_Init)
    i.DAC53401_WriteReg_Channel1             0x08000aa0   Section        0  dac53401.o(i.DAC53401_WriteReg_Channel1)
    i.DAC53401_WriteReg_Channel2             0x08000ada   Section        0  dac53401.o(i.DAC53401_WriteReg_Channel2)
    i.DebugMon_Handler                       0x08000b14   Section        0  stm32f10x_it.o(i.DebugMon_Handler)
    i.Delay_ms                               0x08000b16   Section        0  delay.o(i.Delay_ms)
    i.Delay_s                                0x08000b2e   Section        0  delay.o(i.Delay_s)
    i.Delay_us                               0x08000b46   Section        0  delay.o(i.Delay_us)
    i.EXTI15_10_IRQHandler                   0x08000b74   Section        0  key.o(i.EXTI15_10_IRQHandler)
    i.EXTI9_5_IRQHandler                     0x08000d20   Section        0  key.o(i.EXTI9_5_IRQHandler)
    i.EXTI_ClearITPendingBit                 0x08000d6c   Section        0  stm32f10x_exti.o(i.EXTI_ClearITPendingBit)
    i.EXTI_GetITStatus                       0x08000d78   Section        0  stm32f10x_exti.o(i.EXTI_GetITStatus)
    i.EXTI_Init                              0x08000da0   Section        0  stm32f10x_exti.o(i.EXTI_Init)
    i.GPIO_EXTILineConfig                    0x08000e34   Section        0  stm32f10x_gpio.o(i.GPIO_EXTILineConfig)
    i.GPIO_Init                              0x08000e74   Section        0  stm32f10x_gpio.o(i.GPIO_Init)
    i.GPIO_ReadInputDataBit                  0x08000f8a   Section        0  stm32f10x_gpio.o(i.GPIO_ReadInputDataBit)
    i.GPIO_ResetBits                         0x08000f9c   Section        0  stm32f10x_gpio.o(i.GPIO_ResetBits)
    i.GPIO_SetBits                           0x08000fa0   Section        0  stm32f10x_gpio.o(i.GPIO_SetBits)
    i.GPIO_WriteBit                          0x08000fa4   Section        0  stm32f10x_gpio.o(i.GPIO_WriteBit)
    i.HardFault_Handler                      0x08000fae   Section        0  stm32f10x_it.o(i.HardFault_Handler)
    i.Is_Leap_Year                           0x08000fb2   Section        0  rtc.o(i.Is_Leap_Year)
    i.Key_Init                               0x08000fec   Section        0  key.o(i.Key_Init)
    i.Light1_CurrentSet                      0x08001154   Section        0  dac53401.o(i.Light1_CurrentSet)
    i.Light2_CurrentSet                      0x08001178   Section        0  dac53401.o(i.Light2_CurrentSet)
    i.Light_Efficiency                       0x0800119c   Section        0  dac53401.o(i.Light_Efficiency)
    i.MemManage_Handler                      0x080011d4   Section        0  stm32f10x_it.o(i.MemManage_Handler)
    i.Mode1_menu                             0x080011d8   Section        0  function.o(i.Mode1_menu)
    i.Mode2_menu                             0x08001230   Section        0  function.o(i.Mode2_menu)
    i.Mode3_menu                             0x0800126c   Section        0  function.o(i.Mode3_menu)
    i.MyI2C_Init                             0x080012c4   Section        0  myi2c.o(i.MyI2C_Init)
    i.MyI2C_R_SDA2                           0x08001318   Section        0  myi2c.o(i.MyI2C_R_SDA2)
    i.MyI2C_R_SDA3                           0x08001334   Section        0  myi2c.o(i.MyI2C_R_SDA3)
    i.MyI2C_ReceiveAck_2                     0x08001350   Section        0  myi2c.o(i.MyI2C_ReceiveAck_2)
    i.MyI2C_ReceiveAck_3                     0x0800136e   Section        0  myi2c.o(i.MyI2C_ReceiveAck_3)
    i.MyI2C_SendByte_2                       0x0800138c   Section        0  myi2c.o(i.MyI2C_SendByte_2)
    i.MyI2C_SendByte_3                       0x080013b6   Section        0  myi2c.o(i.MyI2C_SendByte_3)
    i.MyI2C_Start_2                          0x080013e0   Section        0  myi2c.o(i.MyI2C_Start_2)
    i.MyI2C_Start_3                          0x080013fc   Section        0  myi2c.o(i.MyI2C_Start_3)
    i.MyI2C_Stop_2                           0x08001418   Section        0  myi2c.o(i.MyI2C_Stop_2)
    i.MyI2C_Stop_3                           0x0800142e   Section        0  myi2c.o(i.MyI2C_Stop_3)
    i.MyI2C_W_SCL2                           0x08001444   Section        0  myi2c.o(i.MyI2C_W_SCL2)
    i.MyI2C_W_SCL3                           0x08001460   Section        0  myi2c.o(i.MyI2C_W_SCL3)
    i.MyI2C_W_SDA2                           0x0800147c   Section        0  myi2c.o(i.MyI2C_W_SDA2)
    i.MyI2C_W_SDA3                           0x08001498   Section        0  myi2c.o(i.MyI2C_W_SDA3)
    i.MySPI_Init                             0x080014b4   Section        0  myspi.o(i.MySPI_Init)
    i.MySPI_SendByte_Channel1                0x08001520   Section        0  myspi.o(i.MySPI_SendByte_Channel1)
    i.MySPI_SendByte_Channel2                0x08001558   Section        0  myspi.o(i.MySPI_SendByte_Channel2)
    i.MySPI_Start_Channel1                   0x08001590   Section        0  myspi.o(i.MySPI_Start_Channel1)
    i.MySPI_Start_Channel2                   0x0800159a   Section        0  myspi.o(i.MySPI_Start_Channel2)
    i.MySPI_Stop_Channel1                    0x080015a4   Section        0  myspi.o(i.MySPI_Stop_Channel1)
    i.MySPI_Stop_Channel2                    0x080015ae   Section        0  myspi.o(i.MySPI_Stop_Channel2)
    i.MySPI_W_CS1                            0x080015b8   Section        0  myspi.o(i.MySPI_W_CS1)
    i.MySPI_W_CS2                            0x080015cc   Section        0  myspi.o(i.MySPI_W_CS2)
    i.MySPI_W_DIN1                           0x080015e4   Section        0  myspi.o(i.MySPI_W_DIN1)
    i.MySPI_W_DIN2                           0x080015f8   Section        0  myspi.o(i.MySPI_W_DIN2)
    i.MySPI_W_SCK1                           0x08001610   Section        0  myspi.o(i.MySPI_W_SCK1)
    i.MySPI_W_SCK2                           0x08001624   Section        0  myspi.o(i.MySPI_W_SCK2)
    i.NMI_Handler                            0x0800163c   Section        0  stm32f10x_it.o(i.NMI_Handler)
    i.NVIC_Init                              0x08001640   Section        0  misc.o(i.NVIC_Init)
    i.NVIC_PriorityGroupConfig               0x080016b0   Section        0  misc.o(i.NVIC_PriorityGroupConfig)
    i.OLED_Clear                             0x080016c4   Section        0  oled.o(i.OLED_Clear)
    i.OLED_GPIO_Init                         0x080016ec   Section        0  oled.o(i.OLED_GPIO_Init)
    i.OLED_I2C_SendByte                      0x0800174c   Section        0  oled.o(i.OLED_I2C_SendByte)
    i.OLED_I2C_Start                         0x0800178a   Section        0  oled.o(i.OLED_I2C_Start)
    i.OLED_I2C_Stop                          0x080017a6   Section        0  oled.o(i.OLED_I2C_Stop)
    i.OLED_Init                              0x080017bc   Section        0  oled.o(i.OLED_Init)
    i.OLED_SetCursor                         0x08001856   Section        0  oled.o(i.OLED_SetCursor)
    i.OLED_Update                            0x08001878   Section        0  oled.o(i.OLED_Update)
    i.OLED_W_SCL                             0x080018a0   Section        0  oled.o(i.OLED_W_SCL)
    i.OLED_W_SDA                             0x080018b8   Section        0  oled.o(i.OLED_W_SDA)
    i.OLED_WriteCommand                      0x080018d0   Section        0  oled.o(i.OLED_WriteCommand)
    i.OLED_WriteData                         0x080018f0   Section        0  oled.o(i.OLED_WriteData)
    i.PWR_BackupAccessCmd                    0x08001920   Section        0  stm32f10x_pwr.o(i.PWR_BackupAccessCmd)
    i.PendSV_Handler                         0x0800192c   Section        0  stm32f10x_it.o(i.PendSV_Handler)
    i.Power_Num                              0x08001930   Section        0  power_probe.o(i.Power_Num)
    i.Powerprobe_Init                        0x0800199c   Section        0  power_probe.o(i.Powerprobe_Init)
    i.RCC_ADCCLKConfig                       0x08001a3c   Section        0  stm32f10x_rcc.o(i.RCC_ADCCLKConfig)
    i.RCC_APB1PeriphClockCmd                 0x08001a54   Section        0  stm32f10x_rcc.o(i.RCC_APB1PeriphClockCmd)
    i.RCC_APB2PeriphClockCmd                 0x08001a74   Section        0  stm32f10x_rcc.o(i.RCC_APB2PeriphClockCmd)
    i.RCC_BackupResetCmd                     0x08001a94   Section        0  stm32f10x_rcc.o(i.RCC_BackupResetCmd)
    i.RCC_GetClocksFreq                      0x08001aa0   Section        0  stm32f10x_rcc.o(i.RCC_GetClocksFreq)
    i.RCC_GetFlagStatus                      0x08001b74   Section        0  stm32f10x_rcc.o(i.RCC_GetFlagStatus)
    i.RCC_LSEConfig                          0x08001bb0   Section        0  stm32f10x_rcc.o(i.RCC_LSEConfig)
    i.RCC_RTCCLKCmd                          0x08001be4   Section        0  stm32f10x_rcc.o(i.RCC_RTCCLKCmd)
    i.RCC_RTCCLKConfig                       0x08001bf0   Section        0  stm32f10x_rcc.o(i.RCC_RTCCLKConfig)
    i.RTC_EnterConfigMode                    0x08001c00   Section        0  stm32f10x_rtc.o(i.RTC_EnterConfigMode)
    i.RTC_ExitConfigMode                     0x08001c14   Section        0  stm32f10x_rtc.o(i.RTC_ExitConfigMode)
    i.RTC_GetCounter                         0x08001c28   Section        0  stm32f10x_rtc.o(i.RTC_GetCounter)
    i.RTC_Get_Time                           0x08001c3c   Section        0  rtc.o(i.RTC_Get_Time)
    i.RTC_Init                               0x08001d28   Section        0  rtc.o(i.RTC_Init)
    i.RTC_SetCounter                         0x08001da8   Section        0  stm32f10x_rtc.o(i.RTC_SetCounter)
    i.RTC_SetPrescaler                       0x08001dc4   Section        0  stm32f10x_rtc.o(i.RTC_SetPrescaler)
    i.RTC_Set_Time                           0x08001de4   Section        0  rtc.o(i.RTC_Set_Time)
    i.RTC_WaitForLastTask                    0x08001e78   Section        0  stm32f10x_rtc.o(i.RTC_WaitForLastTask)
    i.RTC_WaitForSynchro                     0x08001e8c   Section        0  stm32f10x_rtc.o(i.RTC_WaitForSynchro)
    i.SVC_Handler                            0x08001eb0   Section        0  stm32f10x_it.o(i.SVC_Handler)
    i.Serial_Init                            0x08001eb4   Section        0  serial.o(i.Serial_Init)
    i.SetSysClock                            0x08001f6c   Section        0  system_stm32f10x.o(i.SetSysClock)
    SetSysClock                              0x08001f6d   Thumb Code     8  system_stm32f10x.o(i.SetSysClock)
    i.SetSysClockTo72                        0x08001f74   Section        0  system_stm32f10x.o(i.SetSysClockTo72)
    SetSysClockTo72                          0x08001f75   Thumb Code   214  system_stm32f10x.o(i.SetSysClockTo72)
    i.SysTick_Handler                        0x08002054   Section        0  stm32f10x_it.o(i.SysTick_Handler)
    i.SystemInit                             0x08002058   Section        0  system_stm32f10x.o(i.SystemInit)
    i.TIM1_Init                              0x080020b8   Section        0  timer.o(i.TIM1_Init)
    i.TIM1_UP_IRQHandler                     0x08002124   Section        0  main.o(i.TIM1_UP_IRQHandler)
    i.TIM2_DISABLE                           0x080021c8   Section        0  timer.o(i.TIM2_DISABLE)
    i.TIM2_IRQHandler                        0x080021d8   Section        0  key.o(i.TIM2_IRQHandler)
    i.TIM2_Init                              0x08002200   Section        0  timer.o(i.TIM2_Init)
    i.TIM3_DISABLE                           0x08002278   Section        0  timer.o(i.TIM3_DISABLE)
    i.TIM3_IRQHandler                        0x08002288   Section        0  function.o(i.TIM3_IRQHandler)
    i.TIM3_Init                              0x080022f0   Section        0  timer.o(i.TIM3_Init)
    i.TIM4_DISABLE                           0x0800236c   Section        0  timer.o(i.TIM4_DISABLE)
    i.TIM4_IRQHandler                        0x0800237c   Section        0  function.o(i.TIM4_IRQHandler)
    i.TIM4_Init                              0x0800242c   Section        0  timer.o(i.TIM4_Init)
    i.TIM_ClearFlag                          0x080024a0   Section        0  stm32f10x_tim.o(i.TIM_ClearFlag)
    i.TIM_ClearITPendingBit                  0x080024a6   Section        0  stm32f10x_tim.o(i.TIM_ClearITPendingBit)
    i.TIM_Cmd                                0x080024ac   Section        0  stm32f10x_tim.o(i.TIM_Cmd)
    i.TIM_GetITStatus                        0x080024c4   Section        0  stm32f10x_tim.o(i.TIM_GetITStatus)
    i.TIM_ITConfig                           0x080024e6   Section        0  stm32f10x_tim.o(i.TIM_ITConfig)
    i.TIM_InternalClockConfig                0x080024f8   Section        0  stm32f10x_tim.o(i.TIM_InternalClockConfig)
    i.TIM_TimeBaseInit                       0x08002504   Section        0  stm32f10x_tim.o(i.TIM_TimeBaseInit)
    i.TPL0501_Init                           0x080025a8   Section        0  tpl0501.o(i.TPL0501_Init)
    i.USART3_IRQHandler                      0x080025b0   Section        0  serial.o(i.USART3_IRQHandler)
    i.USART_ClearITPendingBit                0x08002608   Section        0  stm32f10x_usart.o(i.USART_ClearITPendingBit)
    i.USART_Cmd                              0x08002626   Section        0  stm32f10x_usart.o(i.USART_Cmd)
    i.USART_GetFlagStatus                    0x0800263e   Section        0  stm32f10x_usart.o(i.USART_GetFlagStatus)
    i.USART_GetITStatus                      0x08002658   Section        0  stm32f10x_usart.o(i.USART_GetITStatus)
    i.USART_ITConfig                         0x080026ac   Section        0  stm32f10x_usart.o(i.USART_ITConfig)
    i.USART_Init                             0x080026f8   Section        0  stm32f10x_usart.o(i.USART_Init)
    i.USART_ReceiveData                      0x080027d0   Section        0  stm32f10x_usart.o(i.USART_ReceiveData)
    i.USART_SendData                         0x080027da   Section        0  stm32f10x_usart.o(i.USART_SendData)
    i.UsageFault_Handler                     0x080027e2   Section        0  stm32f10x_it.o(i.UsageFault_Handler)
    i.Write_Channel1_CurrentValue            0x080027e8   Section        0  tpl0501.o(i.Write_Channel1_CurrentValue)
    i.Write_Channel1_ResistanceCode          0x08002838   Section        0  tpl0501.o(i.Write_Channel1_ResistanceCode)
    i.Write_Channel2_CurrentValue            0x08002854   Section        0  tpl0501.o(i.Write_Channel2_CurrentValue)
    i.Write_Channel2_ResistanceCode          0x080028a4   Section        0  tpl0501.o(i.Write_Channel2_ResistanceCode)
    i.__0printf                              0x080028c0   Section        0  printfa.o(i.__0printf)
    i.__0snprintf                            0x080028e0   Section        0  printfa.o(i.__0snprintf)
    i.__scatterload_copy                     0x08002914   Section       14  handlers.o(i.__scatterload_copy)
    i.__scatterload_null                     0x08002922   Section        2  handlers.o(i.__scatterload_null)
    i.__scatterload_zeroinit                 0x08002924   Section       14  handlers.o(i.__scatterload_zeroinit)
    i._fp_digits                             0x08002934   Section        0  printfa.o(i._fp_digits)
    _fp_digits                               0x08002935   Thumb Code   366  printfa.o(i._fp_digits)
    i._printf_core                           0x08002ab8   Section        0  printfa.o(i._printf_core)
    _printf_core                             0x08002ab9   Thumb Code  1704  printfa.o(i._printf_core)
    i._printf_post_padding                   0x0800316c   Section        0  printfa.o(i._printf_post_padding)
    _printf_post_padding                     0x0800316d   Thumb Code    36  printfa.o(i._printf_post_padding)
    i._printf_pre_padding                    0x08003190   Section        0  printfa.o(i._printf_pre_padding)
    _printf_pre_padding                      0x08003191   Thumb Code    46  printfa.o(i._printf_pre_padding)
    i._snputc                                0x080031be   Section        0  printfa.o(i._snputc)
    _snputc                                  0x080031bf   Thumb Code    22  printfa.o(i._snputc)
    i.fputc                                  0x080031d4   Section        0  serial.o(i.fputc)
    i.main                                   0x080031f8   Section        0  main.o(i.main)
    .constdata                               0x0800339c   Section       24  rtc.o(.constdata)
    .data                                    0x20000000   Section       20  stm32f10x_rcc.o(.data)
    APBAHBPrescTable                         0x20000000   Data          16  stm32f10x_rcc.o(.data)
    ADCPrescTable                            0x20000010   Data           4  stm32f10x_rcc.o(.data)
    .data                                    0x20000014   Section        6  main.o(.data)
    Protect_count                            0x20000019   Data           1  main.o(.data)
    .data                                    0x2000001c   Section       17  key.o(.data)
    .data                                    0x2000002e   Section       13  serial.o(.data)
    .data                                    0x2000003c   Section       14  function.o(.data)
    TimeString                               0x20000040   Data           6  function.o(.data)
    .data                                    0x2000004a   Section        2  rtc.o(.data)
    daycnt                                   0x2000004a   Data           2  rtc.o(.data)
    .data                                    0x2000004c   Section        4  stdout.o(.data)
    .bss                                     0x20000050   Section       32  main.o(.bss)
    .bss                                     0x20000070   Section     1024  oled.o(.bss)
    STACK                                    0x20000470   Section     1024  startup_stm32f10x_md.o(STACK)

    Global Symbols

    Symbol Name                              Value     Ov Type        Size  Object(Section)

    BuildAttributes$$THM_ISAv4$P$D$K$B$S$PE$A:L22UL41UL21$X:L11$S22US41US21$IEEE1$IW$USESV6$~STKCKD$USESV7$~SHL$OTIME$ROPI$IEEEX$EBA8$MICROLIB$REQ8$PRES8$EABIv2 0x00000000   Number         0  anon$$obj.o ABSOLUTE
    __ARM_use_no_argv                        0x00000000   Number         0  main.o ABSOLUTE
    _printf_a                                0x00000000   Number         0  stubs.o ABSOLUTE
    _printf_c                                0x00000000   Number         0  stubs.o ABSOLUTE
    _printf_charcount                        0x00000000   Number         0  stubs.o ABSOLUTE
    _printf_d                                0x00000000   Number         0  stubs.o ABSOLUTE
    _printf_e                                0x00000000   Number         0  stubs.o ABSOLUTE
    _printf_f                                0x00000000   Number         0  stubs.o ABSOLUTE
    _printf_flags                            0x00000000   Number         0  stubs.o ABSOLUTE
    _printf_fp_dec                           0x00000000   Number         0  stubs.o ABSOLUTE
    _printf_fp_hex                           0x00000000   Number         0  stubs.o ABSOLUTE
    _printf_g                                0x00000000   Number         0  stubs.o ABSOLUTE
    _printf_i                                0x00000000   Number         0  stubs.o ABSOLUTE
    _printf_int_dec                          0x00000000   Number         0  stubs.o ABSOLUTE
    _printf_l                                0x00000000   Number         0  stubs.o ABSOLUTE
    _printf_lc                               0x00000000   Number         0  stubs.o ABSOLUTE
    _printf_ll                               0x00000000   Number         0  stubs.o ABSOLUTE
    _printf_lld                              0x00000000   Number         0  stubs.o ABSOLUTE
    _printf_lli                              0x00000000   Number         0  stubs.o ABSOLUTE
    _printf_llo                              0x00000000   Number         0  stubs.o ABSOLUTE
    _printf_llu                              0x00000000   Number         0  stubs.o ABSOLUTE
    _printf_llx                              0x00000000   Number         0  stubs.o ABSOLUTE
    _printf_longlong_dec                     0x00000000   Number         0  stubs.o ABSOLUTE
    _printf_longlong_hex                     0x00000000   Number         0  stubs.o ABSOLUTE
    _printf_longlong_oct                     0x00000000   Number         0  stubs.o ABSOLUTE
    _printf_ls                               0x00000000   Number         0  stubs.o ABSOLUTE
    _printf_mbtowc                           0x00000000   Number         0  stubs.o ABSOLUTE
    _printf_n                                0x00000000   Number         0  stubs.o ABSOLUTE
    _printf_o                                0x00000000   Number         0  stubs.o ABSOLUTE
    _printf_p                                0x00000000   Number         0  stubs.o ABSOLUTE
    _printf_percent                          0x00000000   Number         0  stubs.o ABSOLUTE
    _printf_pre_padding                      0x00000000   Number         0  stubs.o ABSOLUTE
    _printf_return_value                     0x00000000   Number         0  stubs.o ABSOLUTE
    _printf_s                                0x00000000   Number         0  stubs.o ABSOLUTE
    _printf_sizespec                         0x00000000   Number         0  stubs.o ABSOLUTE
    _printf_str                              0x00000000   Number         0  stubs.o ABSOLUTE
    _printf_truncate_signed                  0x00000000   Number         0  stubs.o ABSOLUTE
    _printf_truncate_unsigned                0x00000000   Number         0  stubs.o ABSOLUTE
    _printf_u                                0x00000000   Number         0  stubs.o ABSOLUTE
    _printf_wc                               0x00000000   Number         0  stubs.o ABSOLUTE
    _printf_wctomb                           0x00000000   Number         0  stubs.o ABSOLUTE
    _printf_widthprec                        0x00000000   Number         0  stubs.o ABSOLUTE
    _printf_x                                0x00000000   Number         0  stubs.o ABSOLUTE
    __arm_fini_                               - Undefined Weak Reference
    __cpp_initialize__aeabi_                  - Undefined Weak Reference
    __cxa_finalize                            - Undefined Weak Reference
    __decompress                              - Undefined Weak Reference
    _clock_init                               - Undefined Weak Reference
    _microlib_exit                            - Undefined Weak Reference
    __Vectors_Size                           0x000000ec   Number         0  startup_stm32f10x_md.o ABSOLUTE
    __Vectors                                0x08000000   Data           4  startup_stm32f10x_md.o(RESET)
    __Vectors_End                            0x080000ec   Data           0  startup_stm32f10x_md.o(RESET)
    __main                                   0x080000ed   Thumb Code     0  entry.o(.ARM.Collect$$$$00000000)
    _main_stk                                0x080000ed   Thumb Code     0  entry2.o(.ARM.Collect$$$$00000001)
    _main_scatterload                        0x080000f1   Thumb Code     0  entry5.o(.ARM.Collect$$$$00000004)
    __main_after_scatterload                 0x080000f5   Thumb Code     0  entry5.o(.ARM.Collect$$$$00000004)
    _main_clock                              0x080000f5   Thumb Code     0  entry7b.o(.ARM.Collect$$$$00000008)
    _main_cpp_init                           0x080000f5   Thumb Code     0  entry8b.o(.ARM.Collect$$$$0000000A)
    _main_init                               0x080000f5   Thumb Code     0  entry9a.o(.ARM.Collect$$$$0000000B)
    __rt_lib_shutdown_fini                   0x080000fd   Thumb Code     0  entry12b.o(.ARM.Collect$$$$0000000E)
    __rt_final_cpp                           0x08000101   Thumb Code     0  entry10a.o(.ARM.Collect$$$$0000000F)
    __rt_final_exit                          0x08000101   Thumb Code     0  entry11a.o(.ARM.Collect$$$$00000011)
    Reset_Handler                            0x08000105   Thumb Code     8  startup_stm32f10x_md.o(.text)
    ADC1_2_IRQHandler                        0x0800011f   Thumb Code     0  startup_stm32f10x_md.o(.text)
    CAN1_RX1_IRQHandler                      0x0800011f   Thumb Code     0  startup_stm32f10x_md.o(.text)
    CAN1_SCE_IRQHandler                      0x0800011f   Thumb Code     0  startup_stm32f10x_md.o(.text)
    DMA1_Channel1_IRQHandler                 0x0800011f   Thumb Code     0  startup_stm32f10x_md.o(.text)
    DMA1_Channel2_IRQHandler                 0x0800011f   Thumb Code     0  startup_stm32f10x_md.o(.text)
    DMA1_Channel3_IRQHandler                 0x0800011f   Thumb Code     0  startup_stm32f10x_md.o(.text)
    DMA1_Channel4_IRQHandler                 0x0800011f   Thumb Code     0  startup_stm32f10x_md.o(.text)
    DMA1_Channel5_IRQHandler                 0x0800011f   Thumb Code     0  startup_stm32f10x_md.o(.text)
    DMA1_Channel6_IRQHandler                 0x0800011f   Thumb Code     0  startup_stm32f10x_md.o(.text)
    DMA1_Channel7_IRQHandler                 0x0800011f   Thumb Code     0  startup_stm32f10x_md.o(.text)
    EXTI0_IRQHandler                         0x0800011f   Thumb Code     0  startup_stm32f10x_md.o(.text)
    EXTI1_IRQHandler                         0x0800011f   Thumb Code     0  startup_stm32f10x_md.o(.text)
    EXTI2_IRQHandler                         0x0800011f   Thumb Code     0  startup_stm32f10x_md.o(.text)
    EXTI3_IRQHandler                         0x0800011f   Thumb Code     0  startup_stm32f10x_md.o(.text)
    EXTI4_IRQHandler                         0x0800011f   Thumb Code     0  startup_stm32f10x_md.o(.text)
    FLASH_IRQHandler                         0x0800011f   Thumb Code     0  startup_stm32f10x_md.o(.text)
    I2C1_ER_IRQHandler                       0x0800011f   Thumb Code     0  startup_stm32f10x_md.o(.text)
    I2C1_EV_IRQHandler                       0x0800011f   Thumb Code     0  startup_stm32f10x_md.o(.text)
    I2C2_ER_IRQHandler                       0x0800011f   Thumb Code     0  startup_stm32f10x_md.o(.text)
    I2C2_EV_IRQHandler                       0x0800011f   Thumb Code     0  startup_stm32f10x_md.o(.text)
    PVD_IRQHandler                           0x0800011f   Thumb Code     0  startup_stm32f10x_md.o(.text)
    RCC_IRQHandler                           0x0800011f   Thumb Code     0  startup_stm32f10x_md.o(.text)
    RTCAlarm_IRQHandler                      0x0800011f   Thumb Code     0  startup_stm32f10x_md.o(.text)
    RTC_IRQHandler                           0x0800011f   Thumb Code     0  startup_stm32f10x_md.o(.text)
    SPI1_IRQHandler                          0x0800011f   Thumb Code     0  startup_stm32f10x_md.o(.text)
    SPI2_IRQHandler                          0x0800011f   Thumb Code     0  startup_stm32f10x_md.o(.text)
    TAMPER_IRQHandler                        0x0800011f   Thumb Code     0  startup_stm32f10x_md.o(.text)
    TIM1_BRK_IRQHandler                      0x0800011f   Thumb Code     0  startup_stm32f10x_md.o(.text)
    TIM1_CC_IRQHandler                       0x0800011f   Thumb Code     0  startup_stm32f10x_md.o(.text)
    TIM1_TRG_COM_IRQHandler                  0x0800011f   Thumb Code     0  startup_stm32f10x_md.o(.text)
    USART1_IRQHandler                        0x0800011f   Thumb Code     0  startup_stm32f10x_md.o(.text)
    USART2_IRQHandler                        0x0800011f   Thumb Code     0  startup_stm32f10x_md.o(.text)
    USBWakeUp_IRQHandler                     0x0800011f   Thumb Code     0  startup_stm32f10x_md.o(.text)
    USB_HP_CAN1_TX_IRQHandler                0x0800011f   Thumb Code     0  startup_stm32f10x_md.o(.text)
    USB_LP_CAN1_RX0_IRQHandler               0x0800011f   Thumb Code     0  startup_stm32f10x_md.o(.text)
    WWDG_IRQHandler                          0x0800011f   Thumb Code     0  startup_stm32f10x_md.o(.text)
    __aeabi_fmul                             0x08000129   Thumb Code   100  fmul.o(.text)
    __aeabi_dadd                             0x0800018d   Thumb Code   322  dadd.o(.text)
    __aeabi_dsub                             0x080002cf   Thumb Code     6  dadd.o(.text)
    __aeabi_drsub                            0x080002d5   Thumb Code     6  dadd.o(.text)
    __aeabi_dmul                             0x080002db   Thumb Code   228  dmul.o(.text)
    __aeabi_ddiv                             0x080003bf   Thumb Code   222  ddiv.o(.text)
    __aeabi_ui2d                             0x0800049d   Thumb Code    26  dfltui.o(.text)
    __aeabi_f2uiz                            0x080004b7   Thumb Code    40  ffixui.o(.text)
    __aeabi_d2uiz                            0x080004df   Thumb Code    50  dfixui.o(.text)
    __aeabi_f2d                              0x08000511   Thumb Code    38  f2d.o(.text)
    __aeabi_cdrcmple                         0x08000539   Thumb Code    48  cdrcmple.o(.text)
    __aeabi_d2f                              0x08000569   Thumb Code    56  d2f.o(.text)
    __aeabi_uidiv                            0x080005a1   Thumb Code     0  uidiv.o(.text)
    __aeabi_uidivmod                         0x080005a1   Thumb Code    44  uidiv.o(.text)
    __aeabi_uldivmod                         0x080005cd   Thumb Code    98  uldiv.o(.text)
    __aeabi_llsl                             0x0800062f   Thumb Code    30  llshl.o(.text)
    _ll_shift_l                              0x0800062f   Thumb Code     0  llshl.o(.text)
    __aeabi_llsr                             0x0800064d   Thumb Code    32  llushr.o(.text)
    _ll_ushift_r                             0x0800064d   Thumb Code     0  llushr.o(.text)
    __aeabi_lasr                             0x0800066d   Thumb Code    36  llsshr.o(.text)
    _ll_sshift_r                             0x0800066d   Thumb Code     0  llsshr.o(.text)
    __I$use$fp                               0x08000691   Thumb Code     0  iusefp.o(.text)
    _float_round                             0x08000691   Thumb Code    18  fepilogue.o(.text)
    _float_epilogue                          0x080006a3   Thumb Code    92  fepilogue.o(.text)
    _double_round                            0x080006ff   Thumb Code    30  depilogue.o(.text)
    _double_epilogue                         0x0800071d   Thumb Code   156  depilogue.o(.text)
    __aeabi_d2ulz                            0x080007b9   Thumb Code    48  dfixul.o(.text)
    __scatterload                            0x080007e9   Thumb Code    28  init.o(.text)
    __scatterload_rt2                        0x080007e9   Thumb Code     0  init.o(.text)
    ADC_Cmd                                  0x0800080d   Thumb Code    22  stm32f10x_adc.o(i.ADC_Cmd)
    ADC_GetCalibrationStatus                 0x08000823   Thumb Code    20  stm32f10x_adc.o(i.ADC_GetCalibrationStatus)
    ADC_GetConversionValue                   0x08000837   Thumb Code     8  stm32f10x_adc.o(i.ADC_GetConversionValue)
    ADC_GetFlagStatus                        0x0800083f   Thumb Code    18  stm32f10x_adc.o(i.ADC_GetFlagStatus)
    ADC_GetResetCalibrationStatus            0x08000851   Thumb Code    20  stm32f10x_adc.o(i.ADC_GetResetCalibrationStatus)
    ADC_Init                                 0x08000865   Thumb Code    70  stm32f10x_adc.o(i.ADC_Init)
    ADC_RegularChannelConfig                 0x080008b5   Thumb Code   184  stm32f10x_adc.o(i.ADC_RegularChannelConfig)
    ADC_ResetCalibration                     0x0800096d   Thumb Code    10  stm32f10x_adc.o(i.ADC_ResetCalibration)
    ADC_SoftwareStartConvCmd                 0x08000977   Thumb Code    22  stm32f10x_adc.o(i.ADC_SoftwareStartConvCmd)
    ADC_StartCalibration                     0x0800098d   Thumb Code    10  stm32f10x_adc.o(i.ADC_StartCalibration)
    AD_GetValue                              0x08000999   Thumb Code    32  power_probe.o(i.AD_GetValue)
    BKP_DeInit                               0x080009bd   Thumb Code    16  stm32f10x_bkp.o(i.BKP_DeInit)
    BKP_ReadBackupRegister                   0x080009cd   Thumb Code    24  stm32f10x_bkp.o(i.BKP_ReadBackupRegister)
    BKP_WriteBackupRegister                  0x080009e9   Thumb Code    22  stm32f10x_bkp.o(i.BKP_WriteBackupRegister)
    Beep_Init                                0x08000a05   Thumb Code    46  beep.o(i.Beep_Init)
    Beep_ToneBlocking                        0x08000a39   Thumb Code    82  beep.o(i.Beep_ToneBlocking)
    BusFault_Handler                         0x08000a95   Thumb Code     4  stm32f10x_it.o(i.BusFault_Handler)
    DAC53401_Init                            0x08000a99   Thumb Code     8  dac53401.o(i.DAC53401_Init)
    DAC53401_WriteReg_Channel1               0x08000aa1   Thumb Code    58  dac53401.o(i.DAC53401_WriteReg_Channel1)
    DAC53401_WriteReg_Channel2               0x08000adb   Thumb Code    58  dac53401.o(i.DAC53401_WriteReg_Channel2)
    DebugMon_Handler                         0x08000b15   Thumb Code     2  stm32f10x_it.o(i.DebugMon_Handler)
    Delay_ms                                 0x08000b17   Thumb Code    24  delay.o(i.Delay_ms)
    Delay_s                                  0x08000b2f   Thumb Code    24  delay.o(i.Delay_s)
    Delay_us                                 0x08000b47   Thumb Code    46  delay.o(i.Delay_us)
    EXTI15_10_IRQHandler                     0x08000b75   Thumb Code   366  key.o(i.EXTI15_10_IRQHandler)
    EXTI9_5_IRQHandler                       0x08000d21   Thumb Code    54  key.o(i.EXTI9_5_IRQHandler)
    EXTI_ClearITPendingBit                   0x08000d6d   Thumb Code     6  stm32f10x_exti.o(i.EXTI_ClearITPendingBit)
    EXTI_GetITStatus                         0x08000d79   Thumb Code    34  stm32f10x_exti.o(i.EXTI_GetITStatus)
    EXTI_Init                                0x08000da1   Thumb Code   142  stm32f10x_exti.o(i.EXTI_Init)
    GPIO_EXTILineConfig                      0x08000e35   Thumb Code    60  stm32f10x_gpio.o(i.GPIO_EXTILineConfig)
    GPIO_Init                                0x08000e75   Thumb Code   278  stm32f10x_gpio.o(i.GPIO_Init)
    GPIO_ReadInputDataBit                    0x08000f8b   Thumb Code    18  stm32f10x_gpio.o(i.GPIO_ReadInputDataBit)
    GPIO_ResetBits                           0x08000f9d   Thumb Code     4  stm32f10x_gpio.o(i.GPIO_ResetBits)
    GPIO_SetBits                             0x08000fa1   Thumb Code     4  stm32f10x_gpio.o(i.GPIO_SetBits)
    GPIO_WriteBit                            0x08000fa5   Thumb Code    10  stm32f10x_gpio.o(i.GPIO_WriteBit)
    HardFault_Handler                        0x08000faf   Thumb Code     4  stm32f10x_it.o(i.HardFault_Handler)
    Is_Leap_Year                             0x08000fb3   Thumb Code    58  rtc.o(i.Is_Leap_Year)
    Key_Init                                 0x08000fed   Thumb Code   348  key.o(i.Key_Init)
    Light1_CurrentSet                        0x08001155   Thumb Code    32  dac53401.o(i.Light1_CurrentSet)
    Light2_CurrentSet                        0x08001179   Thumb Code    32  dac53401.o(i.Light2_CurrentSet)
    Light_Efficiency                         0x0800119d   Thumb Code    46  dac53401.o(i.Light_Efficiency)
    MemManage_Handler                        0x080011d5   Thumb Code     4  stm32f10x_it.o(i.MemManage_Handler)
    Mode1_menu                               0x080011d9   Thumb Code    62  function.o(i.Mode1_menu)
    Mode2_menu                               0x08001231   Thumb Code    38  function.o(i.Mode2_menu)
    Mode3_menu                               0x0800126d   Thumb Code    62  function.o(i.Mode3_menu)
    MyI2C_Init                               0x080012c5   Thumb Code    76  myi2c.o(i.MyI2C_Init)
    MyI2C_R_SDA2                             0x08001319   Thumb Code    22  myi2c.o(i.MyI2C_R_SDA2)
    MyI2C_R_SDA3                             0x08001335   Thumb Code    22  myi2c.o(i.MyI2C_R_SDA3)
    MyI2C_ReceiveAck_2                       0x08001351   Thumb Code    30  myi2c.o(i.MyI2C_ReceiveAck_2)
    MyI2C_ReceiveAck_3                       0x0800136f   Thumb Code    30  myi2c.o(i.MyI2C_ReceiveAck_3)
    MyI2C_SendByte_2                         0x0800138d   Thumb Code    42  myi2c.o(i.MyI2C_SendByte_2)
    MyI2C_SendByte_3                         0x080013b7   Thumb Code    42  myi2c.o(i.MyI2C_SendByte_3)
    MyI2C_Start_2                            0x080013e1   Thumb Code    28  myi2c.o(i.MyI2C_Start_2)
    MyI2C_Start_3                            0x080013fd   Thumb Code    28  myi2c.o(i.MyI2C_Start_3)
    MyI2C_Stop_2                             0x08001419   Thumb Code    22  myi2c.o(i.MyI2C_Stop_2)
    MyI2C_Stop_3                             0x0800142f   Thumb Code    22  myi2c.o(i.MyI2C_Stop_3)
    MyI2C_W_SCL2                             0x08001445   Thumb Code    22  myi2c.o(i.MyI2C_W_SCL2)
    MyI2C_W_SCL3                             0x08001461   Thumb Code    22  myi2c.o(i.MyI2C_W_SCL3)
    MyI2C_W_SDA2                             0x0800147d   Thumb Code    22  myi2c.o(i.MyI2C_W_SDA2)
    MyI2C_W_SDA3                             0x08001499   Thumb Code    22  myi2c.o(i.MyI2C_W_SDA3)
    MySPI_Init                               0x080014b5   Thumb Code    98  myspi.o(i.MySPI_Init)
    MySPI_SendByte_Channel1                  0x08001521   Thumb Code    56  myspi.o(i.MySPI_SendByte_Channel1)
    MySPI_SendByte_Channel2                  0x08001559   Thumb Code    56  myspi.o(i.MySPI_SendByte_Channel2)
    MySPI_Start_Channel1                     0x08001591   Thumb Code    10  myspi.o(i.MySPI_Start_Channel1)
    MySPI_Start_Channel2                     0x0800159b   Thumb Code    10  myspi.o(i.MySPI_Start_Channel2)
    MySPI_Stop_Channel1                      0x080015a5   Thumb Code    10  myspi.o(i.MySPI_Stop_Channel1)
    MySPI_Stop_Channel2                      0x080015af   Thumb Code    10  myspi.o(i.MySPI_Stop_Channel2)
    MySPI_W_CS1                              0x080015b9   Thumb Code    16  myspi.o(i.MySPI_W_CS1)
    MySPI_W_CS2                              0x080015cd   Thumb Code    18  myspi.o(i.MySPI_W_CS2)
    MySPI_W_DIN1                             0x080015e5   Thumb Code    16  myspi.o(i.MySPI_W_DIN1)
    MySPI_W_DIN2                             0x080015f9   Thumb Code    18  myspi.o(i.MySPI_W_DIN2)
    MySPI_W_SCK1                             0x08001611   Thumb Code    16  myspi.o(i.MySPI_W_SCK1)
    MySPI_W_SCK2                             0x08001625   Thumb Code    18  myspi.o(i.MySPI_W_SCK2)
    NMI_Handler                              0x0800163d   Thumb Code     2  stm32f10x_it.o(i.NMI_Handler)
    NVIC_Init                                0x08001641   Thumb Code   100  misc.o(i.NVIC_Init)
    NVIC_PriorityGroupConfig                 0x080016b1   Thumb Code    10  misc.o(i.NVIC_PriorityGroupConfig)
    OLED_Clear                               0x080016c5   Thumb Code    36  oled.o(i.OLED_Clear)
    OLED_GPIO_Init                           0x080016ed   Thumb Code    92  oled.o(i.OLED_GPIO_Init)
    OLED_I2C_SendByte                        0x0800174d   Thumb Code    62  oled.o(i.OLED_I2C_SendByte)
    OLED_I2C_Start                           0x0800178b   Thumb Code    28  oled.o(i.OLED_I2C_Start)
    OLED_I2C_Stop                            0x080017a7   Thumb Code    22  oled.o(i.OLED_I2C_Stop)
    OLED_Init                                0x080017bd   Thumb Code   154  oled.o(i.OLED_Init)
    OLED_SetCursor                           0x08001857   Thumb Code    34  oled.o(i.OLED_SetCursor)
    OLED_Update                              0x08001879   Thumb Code    36  oled.o(i.OLED_Update)
    OLED_W_SCL                               0x080018a1   Thumb Code    18  oled.o(i.OLED_W_SCL)
    OLED_W_SDA                               0x080018b9   Thumb Code    18  oled.o(i.OLED_W_SDA)
    OLED_WriteCommand                        0x080018d1   Thumb Code    32  oled.o(i.OLED_WriteCommand)
    OLED_WriteData                           0x080018f1   Thumb Code    46  oled.o(i.OLED_WriteData)
    PWR_BackupAccessCmd                      0x08001921   Thumb Code     6  stm32f10x_pwr.o(i.PWR_BackupAccessCmd)
    PendSV_Handler                           0x0800192d   Thumb Code     2  stm32f10x_it.o(i.PendSV_Handler)
    Power_Num                                0x08001931   Thumb Code    86  power_probe.o(i.Power_Num)
    Powerprobe_Init                          0x0800199d   Thumb Code   152  power_probe.o(i.Powerprobe_Init)
    RCC_ADCCLKConfig                         0x08001a3d   Thumb Code    18  stm32f10x_rcc.o(i.RCC_ADCCLKConfig)
    RCC_APB1PeriphClockCmd                   0x08001a55   Thumb Code    26  stm32f10x_rcc.o(i.RCC_APB1PeriphClockCmd)
    RCC_APB2PeriphClockCmd                   0x08001a75   Thumb Code    26  stm32f10x_rcc.o(i.RCC_APB2PeriphClockCmd)
    RCC_BackupResetCmd                       0x08001a95   Thumb Code     6  stm32f10x_rcc.o(i.RCC_BackupResetCmd)
    RCC_GetClocksFreq                        0x08001aa1   Thumb Code   192  stm32f10x_rcc.o(i.RCC_GetClocksFreq)
    RCC_GetFlagStatus                        0x08001b75   Thumb Code    56  stm32f10x_rcc.o(i.RCC_GetFlagStatus)
    RCC_LSEConfig                            0x08001bb1   Thumb Code    46  stm32f10x_rcc.o(i.RCC_LSEConfig)
    RCC_RTCCLKCmd                            0x08001be5   Thumb Code     6  stm32f10x_rcc.o(i.RCC_RTCCLKCmd)
    RCC_RTCCLKConfig                         0x08001bf1   Thumb Code    12  stm32f10x_rcc.o(i.RCC_RTCCLKConfig)
    RTC_EnterConfigMode                      0x08001c01   Thumb Code    14  stm32f10x_rtc.o(i.RTC_EnterConfigMode)
    RTC_ExitConfigMode                       0x08001c15   Thumb Code    16  stm32f10x_rtc.o(i.RTC_ExitConfigMode)
    RTC_GetCounter                           0x08001c29   Thumb Code    16  stm32f10x_rtc.o(i.RTC_GetCounter)
    RTC_Get_Time                             0x08001c3d   Thumb Code   222  rtc.o(i.RTC_Get_Time)
    RTC_Init                                 0x08001d29   Thumb Code   128  rtc.o(i.RTC_Init)
    RTC_SetCounter                           0x08001da9   Thumb Code    24  stm32f10x_rtc.o(i.RTC_SetCounter)
    RTC_SetPrescaler                         0x08001dc5   Thumb Code    26  stm32f10x_rtc.o(i.RTC_SetPrescaler)
    RTC_Set_Time                             0x08001de5   Thumb Code   140  rtc.o(i.RTC_Set_Time)
    RTC_WaitForLastTask                      0x08001e79   Thumb Code    16  stm32f10x_rtc.o(i.RTC_WaitForLastTask)
    RTC_WaitForSynchro                       0x08001e8d   Thumb Code    30  stm32f10x_rtc.o(i.RTC_WaitForSynchro)
    SVC_Handler                              0x08001eb1   Thumb Code     2  stm32f10x_it.o(i.SVC_Handler)
    Serial_Init                              0x08001eb5   Thumb Code   174  serial.o(i.Serial_Init)
    SysTick_Handler                          0x08002055   Thumb Code     2  stm32f10x_it.o(i.SysTick_Handler)
    SystemInit                               0x08002059   Thumb Code    78  system_stm32f10x.o(i.SystemInit)
    TIM1_Init                                0x080020b9   Thumb Code   102  timer.o(i.TIM1_Init)
    TIM1_UP_IRQHandler                       0x08002125   Thumb Code   114  main.o(i.TIM1_UP_IRQHandler)
    TIM2_DISABLE                             0x080021c9   Thumb Code    14  timer.o(i.TIM2_DISABLE)
    TIM2_IRQHandler                          0x080021d9   Thumb Code    34  key.o(i.TIM2_IRQHandler)
    TIM2_Init                                0x08002201   Thumb Code   120  timer.o(i.TIM2_Init)
    TIM3_DISABLE                             0x08002279   Thumb Code    12  timer.o(i.TIM3_DISABLE)
    TIM3_IRQHandler                          0x08002289   Thumb Code    90  function.o(i.TIM3_IRQHandler)
    TIM3_Init                                0x080022f1   Thumb Code   118  timer.o(i.TIM3_Init)
    TIM4_DISABLE                             0x0800236d   Thumb Code    12  timer.o(i.TIM4_DISABLE)
    TIM4_IRQHandler                          0x0800237d   Thumb Code   120  function.o(i.TIM4_IRQHandler)
    TIM4_Init                                0x0800242d   Thumb Code   112  timer.o(i.TIM4_Init)
    TIM_ClearFlag                            0x080024a1   Thumb Code     6  stm32f10x_tim.o(i.TIM_ClearFlag)
    TIM_ClearITPendingBit                    0x080024a7   Thumb Code     6  stm32f10x_tim.o(i.TIM_ClearITPendingBit)
    TIM_Cmd                                  0x080024ad   Thumb Code    24  stm32f10x_tim.o(i.TIM_Cmd)
    TIM_GetITStatus                          0x080024c5   Thumb Code    34  stm32f10x_tim.o(i.TIM_GetITStatus)
    TIM_ITConfig                             0x080024e7   Thumb Code    18  stm32f10x_tim.o(i.TIM_ITConfig)
    TIM_InternalClockConfig                  0x080024f9   Thumb Code    12  stm32f10x_tim.o(i.TIM_InternalClockConfig)
    TIM_TimeBaseInit                         0x08002505   Thumb Code   122  stm32f10x_tim.o(i.TIM_TimeBaseInit)
    TPL0501_Init                             0x080025a9   Thumb Code     8  tpl0501.o(i.TPL0501_Init)
    USART3_IRQHandler                        0x080025b1   Thumb Code    78  serial.o(i.USART3_IRQHandler)
    USART_ClearITPendingBit                  0x08002609   Thumb Code    30  stm32f10x_usart.o(i.USART_ClearITPendingBit)
    USART_Cmd                                0x08002627   Thumb Code    24  stm32f10x_usart.o(i.USART_Cmd)
    USART_GetFlagStatus                      0x0800263f   Thumb Code    26  stm32f10x_usart.o(i.USART_GetFlagStatus)
    USART_GetITStatus                        0x08002659   Thumb Code    84  stm32f10x_usart.o(i.USART_GetITStatus)
    USART_ITConfig                           0x080026ad   Thumb Code    74  stm32f10x_usart.o(i.USART_ITConfig)
    USART_Init                               0x080026f9   Thumb Code   210  stm32f10x_usart.o(i.USART_Init)
    USART_ReceiveData                        0x080027d1   Thumb Code    10  stm32f10x_usart.o(i.USART_ReceiveData)
    USART_SendData                           0x080027db   Thumb Code     8  stm32f10x_usart.o(i.USART_SendData)
    UsageFault_Handler                       0x080027e3   Thumb Code     4  stm32f10x_it.o(i.UsageFault_Handler)
    Write_Channel1_CurrentValue              0x080027e9   Thumb Code    66  tpl0501.o(i.Write_Channel1_CurrentValue)
    Write_Channel1_ResistanceCode            0x08002839   Thumb Code    26  tpl0501.o(i.Write_Channel1_ResistanceCode)
    Write_Channel2_CurrentValue              0x08002855   Thumb Code    66  tpl0501.o(i.Write_Channel2_CurrentValue)
    Write_Channel2_ResistanceCode            0x080028a5   Thumb Code    26  tpl0501.o(i.Write_Channel2_ResistanceCode)
    __0printf                                0x080028c1   Thumb Code    22  printfa.o(i.__0printf)
    __1printf                                0x080028c1   Thumb Code     0  printfa.o(i.__0printf)
    __2printf                                0x080028c1   Thumb Code     0  printfa.o(i.__0printf)
    __c89printf                              0x080028c1   Thumb Code     0  printfa.o(i.__0printf)
    printf                                   0x080028c1   Thumb Code     0  printfa.o(i.__0printf)
    __0snprintf                              0x080028e1   Thumb Code    48  printfa.o(i.__0snprintf)
    __1snprintf                              0x080028e1   Thumb Code     0  printfa.o(i.__0snprintf)
    __2snprintf                              0x080028e1   Thumb Code     0  printfa.o(i.__0snprintf)
    __c89snprintf                            0x080028e1   Thumb Code     0  printfa.o(i.__0snprintf)
    snprintf                                 0x080028e1   Thumb Code     0  printfa.o(i.__0snprintf)
    __scatterload_copy                       0x08002915   Thumb Code    14  handlers.o(i.__scatterload_copy)
    __scatterload_null                       0x08002923   Thumb Code     2  handlers.o(i.__scatterload_null)
    __scatterload_zeroinit                   0x08002925   Thumb Code    14  handlers.o(i.__scatterload_zeroinit)
    fputc                                    0x080031d5   Thumb Code    32  serial.o(i.fputc)
    main                                     0x080031f9   Thumb Code   270  main.o(i.main)
    table_week                               0x0800339c   Data          12  rtc.o(.constdata)
    mon_table                                0x080033a8   Data          12  rtc.o(.constdata)
    Region$$Table$$Base                      0x080033b4   Number         0  anon$$obj.o(Region$$Table)
    Region$$Table$$Limit                     0x080033d4   Number         0  anon$$obj.o(Region$$Table)
    Key_Released                             0x20000014   Data           1  main.o(.data)
    Power_pecent                             0x20000015   Data           1  main.o(.data)
    TERMINAL_FLAG                            0x20000016   Data           1  main.o(.data)
    Send_Flag                                0x20000017   Data           1  main.o(.data)
    Pressed_Time                             0x20000018   Data           1  main.o(.data)
    TIMER                                    0x2000001c   Data           2  key.o(.data)
    Current                                  0x20000020   Data           4  key.o(.data)
    Light_LevelData                          0x20000024   Data           1  key.o(.data)
    Mode_Flag                                0x20000025   Data           1  key.o(.data)
    Wave_Frequency                           0x20000026   Data           1  key.o(.data)
    fanhui_flag                              0x20000027   Data           1  key.o(.data)
    Powerdown_time                           0x20000028   Data           1  key.o(.data)
    Efficiency                               0x20000029   Data           1  key.o(.data)
    Light_Fre                                0x2000002a   Data           1  key.o(.data)
    Key_Pressed                              0x2000002b   Data           1  key.o(.data)
    Protect_Flag                             0x2000002c   Data           1  key.o(.data)
    Serial_RxData                            0x2000002e   Data           1  serial.o(.data)
    Serial_RxFlag                            0x2000002f   Data           1  serial.o(.data)
    Error_flag                               0x20000030   Data           1  serial.o(.data)
    Channel_select                           0x20000031   Data           1  serial.o(.data)
    Light_WaveLength                         0x20000032   Data           1  serial.o(.data)
    Frequency_Light                          0x20000033   Data           1  serial.o(.data)
    Power_Light                              0x20000034   Data           1  serial.o(.data)
    Amp_Electic_int                          0x20000035   Data           1  serial.o(.data)
    Amp_Electic_float                        0x20000036   Data           2  serial.o(.data)
    Frequency_Electic                        0x20000038   Data           1  serial.o(.data)
    Time_out                                 0x20000039   Data           1  serial.o(.data)
    RX_DFLAG                                 0x2000003a   Data           1  serial.o(.data)
    Power_level                              0x2000003c   Data           1  function.o(.data)
    Timer_1s                                 0x2000003e   Data           2  function.o(.data)
    Empty_19minute                           0x20000046   Data           2  function.o(.data)
    Timer3_Count                             0x20000048   Data           1  function.o(.data)
    Light_state                              0x20000049   Data           1  function.o(.data)
    __stdout                                 0x2000004c   Data           4  stdout.o(.data)
    TimeString                               0x20000050   Data          32  main.o(.bss)
    OLED_DisplayBuf                          0x20000070   Data        1024  oled.o(.bss)
    __initial_sp                             0x20000870   Data           0  startup_stm32f10x_md.o(STACK)



==============================================================================

Memory Map of the image

  Image Entry point : 0x080000ed

  Load Region LR_IROM1 (Base: 0x08000000, Size: 0x00003424, Max: 0x00040000, ABSOLUTE)

    Execution Region ER_IROM1 (Exec base: 0x08000000, Load base: 0x08000000, Size: 0x000033d4, Max: 0x00040000, ABSOLUTE)

    Exec Addr    Load Addr    Size         Type   Attr      Idx    E Section Name        Object

    0x08000000   0x08000000   0x000000ec   Data   RO           19    RESET               startup_stm32f10x_md.o
    0x080000ec   0x080000ec   0x00000000   Code   RO         4391  * .ARM.Collect$$$$00000000  mc_w.l(entry.o)
    0x080000ec   0x080000ec   0x00000004   Code   RO         4734    .ARM.Collect$$$$00000001  mc_w.l(entry2.o)
    0x080000f0   0x080000f0   0x00000004   Code   RO         4737    .ARM.Collect$$$$00000004  mc_w.l(entry5.o)
    0x080000f4   0x080000f4   0x00000000   Code   RO         4739    .ARM.Collect$$$$00000008  mc_w.l(entry7b.o)
    0x080000f4   0x080000f4   0x00000000   Code   RO         4741    .ARM.Collect$$$$0000000A  mc_w.l(entry8b.o)
    0x080000f4   0x080000f4   0x00000008   Code   RO         4742    .ARM.Collect$$$$0000000B  mc_w.l(entry9a.o)
    0x080000fc   0x080000fc   0x00000004   Code   RO         4749    .ARM.Collect$$$$0000000E  mc_w.l(entry12b.o)
    0x08000100   0x08000100   0x00000000   Code   RO         4744    .ARM.Collect$$$$0000000F  mc_w.l(entry10a.o)
    0x08000100   0x08000100   0x00000000   Code   RO         4746    .ARM.Collect$$$$00000011  mc_w.l(entry11a.o)
    0x08000100   0x08000100   0x00000004   Code   RO         4735    .ARM.Collect$$$$00002712  mc_w.l(entry2.o)
    0x08000104   0x08000104   0x00000024   Code   RO           20    .text               startup_stm32f10x_md.o
    0x08000128   0x08000128   0x00000064   Code   RO         4663    .text               mf_w.l(fmul.o)
    0x0800018c   0x0800018c   0x0000014e   Code   RO         4665    .text               mf_w.l(dadd.o)
    0x080002da   0x080002da   0x000000e4   Code   RO         4667    .text               mf_w.l(dmul.o)
    0x080003be   0x080003be   0x000000de   Code   RO         4669    .text               mf_w.l(ddiv.o)
    0x0800049c   0x0800049c   0x0000001a   Code   RO         4677    .text               mf_w.l(dfltui.o)
    0x080004b6   0x080004b6   0x00000028   Code   RO         4679    .text               mf_w.l(ffixui.o)
    0x080004de   0x080004de   0x00000032   Code   RO         4683    .text               mf_w.l(dfixui.o)
    0x08000510   0x08000510   0x00000026   Code   RO         4685    .text               mf_w.l(f2d.o)
    0x08000536   0x08000536   0x00000002   PAD
    0x08000538   0x08000538   0x00000030   Code   RO         4689    .text               mf_w.l(cdrcmple.o)
    0x08000568   0x08000568   0x00000038   Code   RO         4691    .text               mf_w.l(d2f.o)
    0x080005a0   0x080005a0   0x0000002c   Code   RO         4751    .text               mc_w.l(uidiv.o)
    0x080005cc   0x080005cc   0x00000062   Code   RO         4753    .text               mc_w.l(uldiv.o)
    0x0800062e   0x0800062e   0x0000001e   Code   RO         4755    .text               mc_w.l(llshl.o)
    0x0800064c   0x0800064c   0x00000020   Code   RO         4757    .text               mc_w.l(llushr.o)
    0x0800066c   0x0800066c   0x00000024   Code   RO         4759    .text               mc_w.l(llsshr.o)
    0x08000690   0x08000690   0x00000000   Code   RO         4768    .text               mc_w.l(iusefp.o)
    0x08000690   0x08000690   0x0000006e   Code   RO         4769    .text               mf_w.l(fepilogue.o)
    0x080006fe   0x080006fe   0x000000ba   Code   RO         4771    .text               mf_w.l(depilogue.o)
    0x080007b8   0x080007b8   0x00000030   Code   RO         4775    .text               mf_w.l(dfixul.o)
    0x080007e8   0x080007e8   0x00000024   Code   RO         4781    .text               mc_w.l(init.o)
    0x0800080c   0x0800080c   0x00000016   Code   RO          202    i.ADC_Cmd           stm32f10x_adc.o
    0x08000822   0x08000822   0x00000014   Code   RO          210    i.ADC_GetCalibrationStatus  stm32f10x_adc.o
    0x08000836   0x08000836   0x00000008   Code   RO          211    i.ADC_GetConversionValue  stm32f10x_adc.o
    0x0800083e   0x0800083e   0x00000012   Code   RO          213    i.ADC_GetFlagStatus  stm32f10x_adc.o
    0x08000850   0x08000850   0x00000014   Code   RO          216    i.ADC_GetResetCalibrationStatus  stm32f10x_adc.o
    0x08000864   0x08000864   0x00000050   Code   RO          220    i.ADC_Init          stm32f10x_adc.o
    0x080008b4   0x080008b4   0x000000b8   Code   RO          224    i.ADC_RegularChannelConfig  stm32f10x_adc.o
    0x0800096c   0x0800096c   0x0000000a   Code   RO          225    i.ADC_ResetCalibration  stm32f10x_adc.o
    0x08000976   0x08000976   0x00000016   Code   RO          227    i.ADC_SoftwareStartConvCmd  stm32f10x_adc.o
    0x0800098c   0x0800098c   0x0000000a   Code   RO          229    i.ADC_StartCalibration  stm32f10x_adc.o
    0x08000996   0x08000996   0x00000002   PAD
    0x08000998   0x08000998   0x00000024   Code   RO         4117    i.AD_GetValue       power_probe.o
    0x080009bc   0x080009bc   0x00000010   Code   RO          426    i.BKP_DeInit        stm32f10x_bkp.o
    0x080009cc   0x080009cc   0x0000001c   Code   RO          431    i.BKP_ReadBackupRegister  stm32f10x_bkp.o
    0x080009e8   0x080009e8   0x0000001c   Code   RO          435    i.BKP_WriteBackupRegister  stm32f10x_bkp.o
    0x08000a04   0x08000a04   0x00000034   Code   RO         4289    i.Beep_Init         beep.o
    0x08000a38   0x08000a38   0x0000005c   Code   RO         4293    i.Beep_ToneBlocking  beep.o
    0x08000a94   0x08000a94   0x00000004   Code   RO         3258    i.BusFault_Handler  stm32f10x_it.o
    0x08000a98   0x08000a98   0x00000008   Code   RO         3828    i.DAC53401_Init     dac53401.o
    0x08000aa0   0x08000aa0   0x0000003a   Code   RO         3831    i.DAC53401_WriteReg_Channel1  dac53401.o
    0x08000ada   0x08000ada   0x0000003a   Code   RO         3832    i.DAC53401_WriteReg_Channel2  dac53401.o
    0x08000b14   0x08000b14   0x00000002   Code   RO         3259    i.DebugMon_Handler  stm32f10x_it.o
    0x08000b16   0x08000b16   0x00000018   Code   RO         3321    i.Delay_ms          delay.o
    0x08000b2e   0x08000b2e   0x00000018   Code   RO         3322    i.Delay_s           delay.o
    0x08000b46   0x08000b46   0x0000002e   Code   RO         3323    i.Delay_us          delay.o
    0x08000b74   0x08000b74   0x000001ac   Code   RO         3785    i.EXTI15_10_IRQHandler  key.o
    0x08000d20   0x08000d20   0x0000004c   Code   RO         3786    i.EXTI9_5_IRQHandler  key.o
    0x08000d6c   0x08000d6c   0x0000000c   Code   RO          985    i.EXTI_ClearITPendingBit  stm32f10x_exti.o
    0x08000d78   0x08000d78   0x00000028   Code   RO          989    i.EXTI_GetITStatus  stm32f10x_exti.o
    0x08000da0   0x08000da0   0x00000094   Code   RO          990    i.EXTI_Init         stm32f10x_exti.o
    0x08000e34   0x08000e34   0x00000040   Code   RO         1344    i.GPIO_EXTILineConfig  stm32f10x_gpio.o
    0x08000e74   0x08000e74   0x00000116   Code   RO         1347    i.GPIO_Init         stm32f10x_gpio.o
    0x08000f8a   0x08000f8a   0x00000012   Code   RO         1351    i.GPIO_ReadInputDataBit  stm32f10x_gpio.o
    0x08000f9c   0x08000f9c   0x00000004   Code   RO         1354    i.GPIO_ResetBits    stm32f10x_gpio.o
    0x08000fa0   0x08000fa0   0x00000004   Code   RO         1355    i.GPIO_SetBits      stm32f10x_gpio.o
    0x08000fa4   0x08000fa4   0x0000000a   Code   RO         1358    i.GPIO_WriteBit     stm32f10x_gpio.o
    0x08000fae   0x08000fae   0x00000004   Code   RO         3260    i.HardFault_Handler  stm32f10x_it.o
    0x08000fb2   0x08000fb2   0x0000003a   Code   RO         4328    i.Is_Leap_Year      rtc.o
    0x08000fec   0x08000fec   0x00000168   Code   RO         3787    i.Key_Init          key.o
    0x08001154   0x08001154   0x00000024   Code   RO         3833    i.Light1_CurrentSet  dac53401.o
    0x08001178   0x08001178   0x00000024   Code   RO         3836    i.Light2_CurrentSet  dac53401.o
    0x0800119c   0x0800119c   0x00000038   Code   RO         3839    i.Light_Efficiency  dac53401.o
    0x080011d4   0x080011d4   0x00000004   Code   RO         3261    i.MemManage_Handler  stm32f10x_it.o
    0x080011d8   0x080011d8   0x00000058   Code   RO         4222    i.Mode1_menu        function.o
    0x08001230   0x08001230   0x0000003c   Code   RO         4223    i.Mode2_menu        function.o
    0x0800126c   0x0800126c   0x00000058   Code   RO         4224    i.Mode3_menu        function.o
    0x080012c4   0x080012c4   0x00000054   Code   RO         3922    i.MyI2C_Init        myi2c.o
    0x08001318   0x08001318   0x0000001c   Code   RO         3923    i.MyI2C_R_SDA2      myi2c.o
    0x08001334   0x08001334   0x0000001c   Code   RO         3924    i.MyI2C_R_SDA3      myi2c.o
    0x08001350   0x08001350   0x0000001e   Code   RO         3925    i.MyI2C_ReceiveAck_2  myi2c.o
    0x0800136e   0x0800136e   0x0000001e   Code   RO         3926    i.MyI2C_ReceiveAck_3  myi2c.o
    0x0800138c   0x0800138c   0x0000002a   Code   RO         3931    i.MyI2C_SendByte_2  myi2c.o
    0x080013b6   0x080013b6   0x0000002a   Code   RO         3932    i.MyI2C_SendByte_3  myi2c.o
    0x080013e0   0x080013e0   0x0000001c   Code   RO         3933    i.MyI2C_Start_2     myi2c.o
    0x080013fc   0x080013fc   0x0000001c   Code   RO         3934    i.MyI2C_Start_3     myi2c.o
    0x08001418   0x08001418   0x00000016   Code   RO         3935    i.MyI2C_Stop_2      myi2c.o
    0x0800142e   0x0800142e   0x00000016   Code   RO         3936    i.MyI2C_Stop_3      myi2c.o
    0x08001444   0x08001444   0x0000001c   Code   RO         3937    i.MyI2C_W_SCL2      myi2c.o
    0x08001460   0x08001460   0x0000001c   Code   RO         3938    i.MyI2C_W_SCL3      myi2c.o
    0x0800147c   0x0800147c   0x0000001c   Code   RO         3939    i.MyI2C_W_SDA2      myi2c.o
    0x08001498   0x08001498   0x0000001c   Code   RO         3940    i.MyI2C_W_SDA3      myi2c.o
    0x080014b4   0x080014b4   0x0000006c   Code   RO         3648    i.MySPI_Init        myspi.o
    0x08001520   0x08001520   0x00000038   Code   RO         3649    i.MySPI_SendByte_Channel1  myspi.o
    0x08001558   0x08001558   0x00000038   Code   RO         3650    i.MySPI_SendByte_Channel2  myspi.o
    0x08001590   0x08001590   0x0000000a   Code   RO         3651    i.MySPI_Start_Channel1  myspi.o
    0x0800159a   0x0800159a   0x0000000a   Code   RO         3652    i.MySPI_Start_Channel2  myspi.o
    0x080015a4   0x080015a4   0x0000000a   Code   RO         3653    i.MySPI_Stop_Channel1  myspi.o
    0x080015ae   0x080015ae   0x0000000a   Code   RO         3654    i.MySPI_Stop_Channel2  myspi.o
    0x080015b8   0x080015b8   0x00000014   Code   RO         3655    i.MySPI_W_CS1       myspi.o
    0x080015cc   0x080015cc   0x00000018   Code   RO         3656    i.MySPI_W_CS2       myspi.o
    0x080015e4   0x080015e4   0x00000014   Code   RO         3657    i.MySPI_W_DIN1      myspi.o
    0x080015f8   0x080015f8   0x00000018   Code   RO         3658    i.MySPI_W_DIN2      myspi.o
    0x08001610   0x08001610   0x00000014   Code   RO         3659    i.MySPI_W_SCK1      myspi.o
    0x08001624   0x08001624   0x00000018   Code   RO         3660    i.MySPI_W_SCK2      myspi.o
    0x0800163c   0x0800163c   0x00000002   Code   RO         3262    i.NMI_Handler       stm32f10x_it.o
    0x0800163e   0x0800163e   0x00000002   PAD
    0x08001640   0x08001640   0x00000070   Code   RO          137    i.NVIC_Init         misc.o
    0x080016b0   0x080016b0   0x00000014   Code   RO          138    i.NVIC_PriorityGroupConfig  misc.o
    0x080016c4   0x080016c4   0x00000028   Code   RO         3399    i.OLED_Clear        oled.o
    0x080016ec   0x080016ec   0x00000060   Code   RO         3408    i.OLED_GPIO_Init    oled.o
    0x0800174c   0x0800174c   0x0000003e   Code   RO         3410    i.OLED_I2C_SendByte  oled.o
    0x0800178a   0x0800178a   0x0000001c   Code   RO         3411    i.OLED_I2C_Start    oled.o
    0x080017a6   0x080017a6   0x00000016   Code   RO         3412    i.OLED_I2C_Stop     oled.o
    0x080017bc   0x080017bc   0x0000009a   Code   RO         3413    i.OLED_Init         oled.o
    0x08001856   0x08001856   0x00000022   Code   RO         3419    i.OLED_SetCursor    oled.o
    0x08001878   0x08001878   0x00000028   Code   RO         3428    i.OLED_Update       oled.o
    0x080018a0   0x080018a0   0x00000018   Code   RO         3430    i.OLED_W_SCL        oled.o
    0x080018b8   0x080018b8   0x00000018   Code   RO         3431    i.OLED_W_SDA        oled.o
    0x080018d0   0x080018d0   0x00000020   Code   RO         3432    i.OLED_WriteCommand  oled.o
    0x080018f0   0x080018f0   0x0000002e   Code   RO         3433    i.OLED_WriteData    oled.o
    0x0800191e   0x0800191e   0x00000002   PAD
    0x08001920   0x08001920   0x0000000c   Code   RO         1710    i.PWR_BackupAccessCmd  stm32f10x_pwr.o
    0x0800192c   0x0800192c   0x00000002   Code   RO         3263    i.PendSV_Handler    stm32f10x_it.o
    0x0800192e   0x0800192e   0x00000002   PAD
    0x08001930   0x08001930   0x0000006c   Code   RO         4118    i.Power_Num         power_probe.o
    0x0800199c   0x0800199c   0x000000a0   Code   RO         4119    i.Powerprobe_Init   power_probe.o
    0x08001a3c   0x08001a3c   0x00000018   Code   RO         1773    i.RCC_ADCCLKConfig  stm32f10x_rcc.o
    0x08001a54   0x08001a54   0x00000020   Code   RO         1775    i.RCC_APB1PeriphClockCmd  stm32f10x_rcc.o
    0x08001a74   0x08001a74   0x00000020   Code   RO         1777    i.RCC_APB2PeriphClockCmd  stm32f10x_rcc.o
    0x08001a94   0x08001a94   0x0000000c   Code   RO         1780    i.RCC_BackupResetCmd  stm32f10x_rcc.o
    0x08001aa0   0x08001aa0   0x000000d4   Code   RO         1785    i.RCC_GetClocksFreq  stm32f10x_rcc.o
    0x08001b74   0x08001b74   0x0000003c   Code   RO         1786    i.RCC_GetFlagStatus  stm32f10x_rcc.o
    0x08001bb0   0x08001bb0   0x00000034   Code   RO         1793    i.RCC_LSEConfig     stm32f10x_rcc.o
    0x08001be4   0x08001be4   0x0000000c   Code   RO         1800    i.RCC_RTCCLKCmd     stm32f10x_rcc.o
    0x08001bf0   0x08001bf0   0x00000010   Code   RO         1801    i.RCC_RTCCLKConfig  stm32f10x_rcc.o
    0x08001c00   0x08001c00   0x00000014   Code   RO         1978    i.RTC_EnterConfigMode  stm32f10x_rtc.o
    0x08001c14   0x08001c14   0x00000014   Code   RO         1979    i.RTC_ExitConfigMode  stm32f10x_rtc.o
    0x08001c28   0x08001c28   0x00000014   Code   RO         1980    i.RTC_GetCounter    stm32f10x_rtc.o
    0x08001c3c   0x08001c3c   0x000000ec   Code   RO         4329    i.RTC_Get_Time      rtc.o
    0x08001d28   0x08001d28   0x00000080   Code   RO         4330    i.RTC_Init          rtc.o
    0x08001da8   0x08001da8   0x0000001c   Code   RO         1986    i.RTC_SetCounter    stm32f10x_rtc.o
    0x08001dc4   0x08001dc4   0x00000020   Code   RO         1987    i.RTC_SetPrescaler  stm32f10x_rtc.o
    0x08001de4   0x08001de4   0x00000094   Code   RO         4331    i.RTC_Set_Time      rtc.o
    0x08001e78   0x08001e78   0x00000014   Code   RO         1988    i.RTC_WaitForLastTask  stm32f10x_rtc.o
    0x08001e8c   0x08001e8c   0x00000024   Code   RO         1989    i.RTC_WaitForSynchro  stm32f10x_rtc.o
    0x08001eb0   0x08001eb0   0x00000002   Code   RO         3264    i.SVC_Handler       stm32f10x_it.o
    0x08001eb2   0x08001eb2   0x00000002   PAD
    0x08001eb4   0x08001eb4   0x000000b8   Code   RO         4142    i.Serial_Init       serial.o
    0x08001f6c   0x08001f6c   0x00000008   Code   RO           24    i.SetSysClock       system_stm32f10x.o
    0x08001f74   0x08001f74   0x000000e0   Code   RO           25    i.SetSysClockTo72   system_stm32f10x.o
    0x08002054   0x08002054   0x00000002   Code   RO         3265    i.SysTick_Handler   stm32f10x_it.o
    0x08002056   0x08002056   0x00000002   PAD
    0x08002058   0x08002058   0x00000060   Code   RO           27    i.SystemInit        system_stm32f10x.o
    0x080020b8   0x080020b8   0x0000006c   Code   RO         3346    i.TIM1_Init         timer.o
    0x08002124   0x08002124   0x000000a4   Code   RO         3196    i.TIM1_UP_IRQHandler  main.o
    0x080021c8   0x080021c8   0x0000000e   Code   RO         3347    i.TIM2_DISABLE      timer.o
    0x080021d6   0x080021d6   0x00000002   PAD
    0x080021d8   0x080021d8   0x00000028   Code   RO         3788    i.TIM2_IRQHandler   key.o
    0x08002200   0x08002200   0x00000078   Code   RO         3348    i.TIM2_Init         timer.o
    0x08002278   0x08002278   0x00000010   Code   RO         3349    i.TIM3_DISABLE      timer.o
    0x08002288   0x08002288   0x00000068   Code   RO         4226    i.TIM3_IRQHandler   function.o
    0x080022f0   0x080022f0   0x0000007c   Code   RO         3350    i.TIM3_Init         timer.o
    0x0800236c   0x0800236c   0x00000010   Code   RO         3351    i.TIM4_DISABLE      timer.o
    0x0800237c   0x0800237c   0x000000b0   Code   RO         4227    i.TIM4_IRQHandler   function.o
    0x0800242c   0x0800242c   0x00000074   Code   RO         3352    i.TIM4_Init         timer.o
    0x080024a0   0x080024a0   0x00000006   Code   RO         2415    i.TIM_ClearFlag     stm32f10x_tim.o
    0x080024a6   0x080024a6   0x00000006   Code   RO         2416    i.TIM_ClearITPendingBit  stm32f10x_tim.o
    0x080024ac   0x080024ac   0x00000018   Code   RO         2421    i.TIM_Cmd           stm32f10x_tim.o
    0x080024c4   0x080024c4   0x00000022   Code   RO         2442    i.TIM_GetITStatus   stm32f10x_tim.o
    0x080024e6   0x080024e6   0x00000012   Code   RO         2446    i.TIM_ITConfig      stm32f10x_tim.o
    0x080024f8   0x080024f8   0x0000000c   Code   RO         2448    i.TIM_InternalClockConfig  stm32f10x_tim.o
    0x08002504   0x08002504   0x000000a4   Code   RO         2492    i.TIM_TimeBaseInit  stm32f10x_tim.o
    0x080025a8   0x080025a8   0x00000008   Code   RO         3732    i.TPL0501_Init      tpl0501.o
    0x080025b0   0x080025b0   0x00000058   Code   RO         4148    i.USART3_IRQHandler  serial.o
    0x08002608   0x08002608   0x0000001e   Code   RO         2957    i.USART_ClearITPendingBit  stm32f10x_usart.o
    0x08002626   0x08002626   0x00000018   Code   RO         2960    i.USART_Cmd         stm32f10x_usart.o
    0x0800263e   0x0800263e   0x0000001a   Code   RO         2963    i.USART_GetFlagStatus  stm32f10x_usart.o
    0x08002658   0x08002658   0x00000054   Code   RO         2964    i.USART_GetITStatus  stm32f10x_usart.o
    0x080026ac   0x080026ac   0x0000004a   Code   RO         2966    i.USART_ITConfig    stm32f10x_usart.o
    0x080026f6   0x080026f6   0x00000002   PAD
    0x080026f8   0x080026f8   0x000000d8   Code   RO         2967    i.USART_Init        stm32f10x_usart.o
    0x080027d0   0x080027d0   0x0000000a   Code   RO         2974    i.USART_ReceiveData  stm32f10x_usart.o
    0x080027da   0x080027da   0x00000008   Code   RO         2977    i.USART_SendData    stm32f10x_usart.o
    0x080027e2   0x080027e2   0x00000004   Code   RO         3266    i.UsageFault_Handler  stm32f10x_it.o
    0x080027e6   0x080027e6   0x00000002   PAD
    0x080027e8   0x080027e8   0x00000050   Code   RO         3733    i.Write_Channel1_CurrentValue  tpl0501.o
    0x08002838   0x08002838   0x0000001a   Code   RO         3734    i.Write_Channel1_ResistanceCode  tpl0501.o
    0x08002852   0x08002852   0x00000002   PAD
    0x08002854   0x08002854   0x00000050   Code   RO         3735    i.Write_Channel2_CurrentValue  tpl0501.o
    0x080028a4   0x080028a4   0x0000001a   Code   RO         3736    i.Write_Channel2_ResistanceCode  tpl0501.o
    0x080028be   0x080028be   0x00000002   PAD
    0x080028c0   0x080028c0   0x00000020   Code   RO         4633    i.__0printf         mc_w.l(printfa.o)
    0x080028e0   0x080028e0   0x00000034   Code   RO         4634    i.__0snprintf       mc_w.l(printfa.o)
    0x08002914   0x08002914   0x0000000e   Code   RO         4787    i.__scatterload_copy  mc_w.l(handlers.o)
    0x08002922   0x08002922   0x00000002   Code   RO         4788    i.__scatterload_null  mc_w.l(handlers.o)
    0x08002924   0x08002924   0x0000000e   Code   RO         4789    i.__scatterload_zeroinit  mc_w.l(handlers.o)
    0x08002932   0x08002932   0x00000002   PAD
    0x08002934   0x08002934   0x00000184   Code   RO         4640    i._fp_digits        mc_w.l(printfa.o)
    0x08002ab8   0x08002ab8   0x000006b4   Code   RO         4641    i._printf_core      mc_w.l(printfa.o)
    0x0800316c   0x0800316c   0x00000024   Code   RO         4642    i._printf_post_padding  mc_w.l(printfa.o)
    0x08003190   0x08003190   0x0000002e   Code   RO         4643    i._printf_pre_padding  mc_w.l(printfa.o)
    0x080031be   0x080031be   0x00000016   Code   RO         4644    i._snputc           mc_w.l(printfa.o)
    0x080031d4   0x080031d4   0x00000024   Code   RO         4150    i.fputc             serial.o
    0x080031f8   0x080031f8   0x000001a4   Code   RO         3197    i.main              main.o
    0x0800339c   0x0800339c   0x00000018   Data   RO         4332    .constdata          rtc.o
    0x080033b4   0x080033b4   0x00000020   Data   RO         4785    Region$$Table       anon$$obj.o


    Execution Region RW_IRAM1 (Exec base: 0x20000000, Load base: 0x080033d4, Size: 0x00000870, Max: 0x0000c000, ABSOLUTE)

    Exec Addr    Load Addr    Size         Type   Attr      Idx    E Section Name        Object

    0x20000000   0x080033d4   0x00000014   Data   RW         1805    .data               stm32f10x_rcc.o
    0x20000014   0x080033e8   0x00000006   Data   RW         3199    .data               main.o
    0x2000001a   0x080033ee   0x00000002   PAD
    0x2000001c   0x080033f0   0x00000011   Data   RW         3789    .data               key.o
    0x2000002d   0x08003401   0x00000001   PAD
    0x2000002e   0x08003402   0x0000000d   Data   RW         4152    .data               serial.o
    0x2000003b   0x0800340f   0x00000001   PAD
    0x2000003c   0x08003410   0x0000000e   Data   RW         4230    .data               function.o
    0x2000004a   0x0800341e   0x00000002   Data   RW         4333    .data               rtc.o
    0x2000004c   0x08003420   0x00000004   Data   RW         4750    .data               mc_w.l(stdout.o)
    0x20000050        -       0x00000020   Zero   RW         3198    .bss                main.o
    0x20000070        -       0x00000400   Zero   RW         3435    .bss                oled.o
    0x20000470        -       0x00000400   Zero   RW           17    STACK               startup_stm32f10x_md.o


==============================================================================

Image component sizes


      Code (inc. data)   RO Data    RW Data    ZI Data      Debug   Object Name

       144         16          0          0          0       1260   beep.o
         0          0          0          0          0       4564   core_cm3.o
       252         18          0          0          0       3429   dac53401.o
        94          0          0          0          0       1420   delay.o
       516        144          0         14          0       3925   function.o
       904        102          0         17          0       3035   key.o
       584        200          0          6         32       3068   main.o
       132         22          0          0          0     217383   misc.o
       496         44          0          0          0       7349   myi2c.o
       392         40          0          0          0       6415   myspi.o
       602         24          0          0       1024       6855   oled.o
       304         34          0          0          0       1640   power_probe.o
       570         22         24          2          0       3631   rtc.o
       308         24          0         13          0       4864   serial.o
        36          8        236          0       1024        792   startup_stm32f10x_md.o
       394         10          0          0          0      18401   stm32f10x_adc.o
        72         10          0          0          0       2560   stm32f10x_bkp.o
       200         18          0          0          0       4136   stm32f10x_exti.o
       378          4          0          0          0      12978   stm32f10x_gpio.o
        26          0          0          0          0       3810   stm32f10x_it.o
        12          6          0          0          0        486   stm32f10x_pwr.o
       452         64          0         20          0      16125   stm32f10x_rcc.o
       176         34          0          0          0       3339   stm32f10x_rtc.o
       264         42          0          0          0      24696   stm32f10x_tim.o
       472          6          0          0          0      12551   stm32f10x_usart.o
       328         28          0          0          0      45277   system_stm32f10x.o
       514         24          0          0          0       3529   timer.o
       220         28          0          0          0       2775   tpl0501.o

    ----------------------------------------------------------------------
      8864        972        292         76       2080     420293   Object Totals
         0          0         32          0          0          0   (incl. Generated)
        22          0          0          4          0          0   (incl. Padding)

    ----------------------------------------------------------------------

      Code (inc. data)   RO Data    RW Data    ZI Data      Debug   Library Member Name

         0          0          0          0          0          0   entry.o
         0          0          0          0          0          0   entry10a.o
         0          0          0          0          0          0   entry11a.o
         4          0          0          0          0          0   entry12b.o
         8          4          0          0          0          0   entry2.o
         4          0          0          0          0          0   entry5.o
         0          0          0          0          0          0   entry7b.o
         0          0          0          0          0          0   entry8b.o
         8          4          0          0          0          0   entry9a.o
        30          0          0          0          0          0   handlers.o
        36          8          0          0          0         68   init.o
         0          0          0          0          0          0   iusefp.o
        30          0          0          0          0         68   llshl.o
        36          0          0          0          0         68   llsshr.o
        32          0          0          0          0         68   llushr.o
      2292         94          0          0          0        620   printfa.o
         0          0          0          4          0          0   stdout.o
        44          0          0          0          0         80   uidiv.o
        98          0          0          0          0         92   uldiv.o
        48          0          0          0          0         68   cdrcmple.o
        56          0          0          0          0         88   d2f.o
       334          0          0          0          0        148   dadd.o
       222          0          0          0          0        100   ddiv.o
       186          0          0          0          0        176   depilogue.o
        50          0          0          0          0         76   dfixui.o
        48          0          0          0          0         68   dfixul.o
        26          0          0          0          0         76   dfltui.o
       228          0          0          0          0         96   dmul.o
        38          0          0          0          0         68   f2d.o
       110          0          0          0          0        168   fepilogue.o
        40          0          0          0          0         68   ffixui.o
       100          0          0          0          0         76   fmul.o

    ----------------------------------------------------------------------
      4112        110          0          4          0       2340   Library Totals
         4          0          0          0          0          0   (incl. Padding)

    ----------------------------------------------------------------------

      Code (inc. data)   RO Data    RW Data    ZI Data      Debug   Library Name

      2622        110          0          4          0       1064   mc_w.l
      1486          0          0          0          0       1276   mf_w.l

    ----------------------------------------------------------------------
      4112        110          0          4          0       2340   Library Totals

    ----------------------------------------------------------------------

==============================================================================


      Code (inc. data)   RO Data    RW Data    ZI Data      Debug   

     12976       1082        292         80       2080     413945   Grand Totals
     12976       1082        292         80       2080     413945   ELF Image Totals
     12976       1082        292         80          0          0   ROM Totals

==============================================================================

    Total RO  Size (Code + RO Data)                13268 (  12.96kB)
    Total RW  Size (RW Data + ZI Data)              2160 (   2.11kB)
    Total ROM Size (Code + RO Data + RW Data)      13348 (  13.04kB)

==============================================================================

